[0.009s] Invoking command in '/home/wallat/Desktop/ROB9/ROB9_project/vg10_ws/build/vg_control_interfaces': CMAKE_PREFIX_PATH=${CMAKE_PREFIX_PATH}:/home/wallat/Desktop/ROB9/ROB9_project/vg10_ws/install/vg10_control:/opt/ros/humble /usr/bin/cmake --build /home/wallat/Desktop/ROB9/ROB9_project/vg10_ws/build/vg_control_interfaces -- -j16 -l16
[0.029s] -- Found ament_cmake: 1.3.11 (/opt/ros/humble/share/ament_cmake/cmake)
[0.119s] -- Override CMake install command with custom implementation using symlinks instead of copying resources
[0.124s] -- Found rosidl_default_generators: 1.2.0 (/opt/ros/humble/share/rosidl_default_generators/cmake)
[0.125s] -- Using all available rosidl_typesupport_c: rosidl_typesupport_fastrtps_c;rosidl_typesupport_introspection_c
[0.127s] -- Found rosidl_adapter: 3.1.6 (/opt/ros/humble/share/rosidl_adapter/cmake)
[0.150s] -- Using all available rosidl_typesupport_cpp: rosidl_typesupport_fastrtps_cpp;rosidl_typesupport_introspection_cpp
[0.355s] -- Found ament_cmake_ros: 0.10.0 (/opt/ros/humble/share/ament_cmake_ros/cmake)
[0.489s] -- Using all available rosidl_typesupport_c: rosidl_typesupport_fastrtps_c;rosidl_typesupport_introspection_c
[0.666s] -- Using all available rosidl_typesupport_cpp: rosidl_typesupport_fastrtps_cpp;rosidl_typesupport_introspection_cpp
[0.684s] -- Found python_cmake_module: 0.10.0 (/opt/ros/humble/share/python_cmake_module/cmake)
[0.701s] -- Using PYTHON_EXECUTABLE: /usr/bin/python3
[0.701s] -- Using PYTHON_INCLUDE_DIRS: /usr/include/python3.10
[0.701s] -- Using PYTHON_LIBRARIES: /usr/lib/x86_64-linux-gnu/libpython3.10.so
[0.715s] -- Configuring done
[0.740s] -- Generating done
[0.749s] -- Build files have been written to: /home/wallat/Desktop/ROB9/ROB9_project/vg10_ws/build/vg_control_interfaces
[0.771s] [35m[1mConsolidate compiler generated dependencies of target vg_control_interfaces__rosidl_generator_c[0m
[0.779s] [  2%] Built target vg_control_interfaces__cpp
[0.781s] [ 12%] Built target vg_control_interfaces__rosidl_generator_c
[0.787s] [ 12%] Built target ament_cmake_python_symlink_vg_control_interfaces
[0.787s] [35m[1mConsolidate compiler generated dependencies of target vg_control_interfaces__rosidl_typesupport_cpp[0m
[0.787s] [35m[1mConsolidate compiler generated dependencies of target vg_control_interfaces__rosidl_typesupport_introspection_cpp[0m
[0.788s] [35m[1mConsolidate compiler generated dependencies of target vg_control_interfaces__rosidl_typesupport_fastrtps_cpp[0m
[0.789s] [35m[1mConsolidate compiler generated dependencies of target vg_control_interfaces__rosidl_typesupport_introspection_c[0m
[0.790s] [35m[1mConsolidate compiler generated dependencies of target vg_control_interfaces__rosidl_typesupport_fastrtps_c[0m
[0.790s] [35m[1mConsolidate compiler generated dependencies of target vg_control_interfaces__rosidl_typesupport_c[0m
[0.799s] [ 53%] Built target vg_control_interfaces__rosidl_typesupport_cpp
[0.799s] [ 53%] Built target vg_control_interfaces__rosidl_typesupport_c
[0.800s] [ 53%] Built target vg_control_interfaces__rosidl_typesupport_introspection_c
[0.800s] [ 53%] Built target vg_control_interfaces__rosidl_typesupport_introspection_cpp
[0.800s] [ 64%] Built target vg_control_interfaces__rosidl_typesupport_fastrtps_cpp
[0.801s] [ 74%] Built target vg_control_interfaces__rosidl_typesupport_fastrtps_c
[0.819s] [ 74%] Built target vg_control_interfaces
[0.837s] [ 76%] Built target vg_control_interfaces__py
[0.847s] [35m[1mConsolidate compiler generated dependencies of target vg_control_interfaces__rosidl_generator_py[0m
[0.860s] [ 84%] Built target vg_control_interfaces__rosidl_generator_py
[0.870s] [35m[1mConsolidate compiler generated dependencies of target vg_control_interfaces__rosidl_typesupport_fastrtps_c__pyext[0m
[0.871s] [35m[1mConsolidate compiler generated dependencies of target vg_control_interfaces__rosidl_typesupport_c__pyext[0m
[0.871s] [35m[1mConsolidate compiler generated dependencies of target vg_control_interfaces__rosidl_typesupport_introspection_c__pyext[0m
[0.883s] [100%] Built target vg_control_interfaces__rosidl_typesupport_c__pyext
[0.883s] [100%] Built target vg_control_interfaces__rosidl_typesupport_introspection_c__pyext
[0.883s] [100%] Built target vg_control_interfaces__rosidl_typesupport_fastrtps_c__pyext
[1.009s] running egg_info
[1.009s] writing vg_control_interfaces.egg-info/PKG-INFO
[1.010s] writing dependency_links to vg_control_interfaces.egg-info/dependency_links.txt
[1.010s] writing top-level names to vg_control_interfaces.egg-info/top_level.txt
[1.011s] reading manifest file 'vg_control_interfaces.egg-info/SOURCES.txt'
[1.012s] writing manifest file 'vg_control_interfaces.egg-info/SOURCES.txt'
[1.035s] [100%] Built target ament_cmake_python_build_vg_control_interfaces_egg
[1.046s] Invoked command in '/home/wallat/Desktop/ROB9/ROB9_project/vg10_ws/build/vg_control_interfaces' returned '0': CMAKE_PREFIX_PATH=${CMAKE_PREFIX_PATH}:/home/wallat/Desktop/ROB9/ROB9_project/vg10_ws/install/vg10_control:/opt/ros/humble /usr/bin/cmake --build /home/wallat/Desktop/ROB9/ROB9_project/vg10_ws/build/vg_control_interfaces -- -j16 -l16
[1.055s] Invoking command in '/home/wallat/Desktop/ROB9/ROB9_project/vg10_ws/build/vg_control_interfaces': CMAKE_PREFIX_PATH=${CMAKE_PREFIX_PATH}:/home/wallat/Desktop/ROB9/ROB9_project/vg10_ws/install/vg10_control:/opt/ros/humble /usr/bin/cmake --install /home/wallat/Desktop/ROB9/ROB9_project/vg10_ws/build/vg_control_interfaces
[1.060s] -- Install configuration: ""
[1.061s] -- Execute custom install script
[1.061s] -- Up-to-date symlink: /home/wallat/Desktop/ROB9/ROB9_project/vg10_ws/install/vg_control_interfaces/share/ament_index/resource_index/rosidl_interfaces/vg_control_interfaces
[1.061s] -- Up-to-date symlink: /home/wallat/Desktop/ROB9/ROB9_project/vg10_ws/install/vg_control_interfaces/include/vg_control_interfaces/vg_control_interfaces/msg/rosidl_generator_c__visibility_control.h
[1.062s] -- Up-to-date symlink: /home/wallat/Desktop/ROB9/ROB9_project/vg10_ws/install/vg_control_interfaces/include/vg_control_interfaces/vg_control_interfaces/srv/detail/vacuum_release__functions.h
[1.062s] -- Up-to-date symlink: /home/wallat/Desktop/ROB9/ROB9_project/vg10_ws/install/vg_control_interfaces/include/vg_control_interfaces/vg_control_interfaces/srv/detail/vacuum_release__struct.h
[1.062s] -- Up-to-date symlink: /home/wallat/Desktop/ROB9/ROB9_project/vg10_ws/install/vg_control_interfaces/include/vg_control_interfaces/vg_control_interfaces/srv/detail/vacuum_release__type_support.h
[1.062s] -- Up-to-date symlink: /home/wallat/Desktop/ROB9/ROB9_project/vg10_ws/install/vg_control_interfaces/include/vg_control_interfaces/vg_control_interfaces/srv/detail/vacuum_set__functions.h
[1.062s] -- Up-to-date symlink: /home/wallat/Desktop/ROB9/ROB9_project/vg10_ws/install/vg_control_interfaces/include/vg_control_interfaces/vg_control_interfaces/srv/detail/vacuum_set__struct.h
[1.062s] -- Up-to-date symlink: /home/wallat/Desktop/ROB9/ROB9_project/vg10_ws/install/vg_control_interfaces/include/vg_control_interfaces/vg_control_interfaces/srv/detail/vacuum_set__type_support.h
[1.062s] -- Up-to-date symlink: /home/wallat/Desktop/ROB9/ROB9_project/vg10_ws/install/vg_control_interfaces/include/vg_control_interfaces/vg_control_interfaces/srv/vacuum_release.h
[1.062s] -- Up-to-date symlink: /home/wallat/Desktop/ROB9/ROB9_project/vg10_ws/install/vg_control_interfaces/include/vg_control_interfaces/vg_control_interfaces/srv/vacuum_set.h
[1.062s] -- Up-to-date symlink: /home/wallat/Desktop/ROB9/ROB9_project/vg10_ws/install/vg_control_interfaces/share/vg_control_interfaces/environment/library_path.sh
[1.062s] -- Up-to-date symlink: /home/wallat/Desktop/ROB9/ROB9_project/vg10_ws/install/vg_control_interfaces/share/vg_control_interfaces/environment/library_path.dsv
[1.063s] -- Up-to-date symlink: /home/wallat/Desktop/ROB9/ROB9_project/vg10_ws/install/vg_control_interfaces/include/vg_control_interfaces/vg_control_interfaces/msg/rosidl_typesupport_fastrtps_c__visibility_control.h
[1.063s] -- Up-to-date symlink: /home/wallat/Desktop/ROB9/ROB9_project/vg10_ws/install/vg_control_interfaces/include/vg_control_interfaces/vg_control_interfaces/srv/detail/vacuum_release__rosidl_typesupport_fastrtps_c.h
[1.063s] -- Up-to-date symlink: /home/wallat/Desktop/ROB9/ROB9_project/vg10_ws/install/vg_control_interfaces/include/vg_control_interfaces/vg_control_interfaces/srv/detail/vacuum_set__rosidl_typesupport_fastrtps_c.h
[1.063s] -- Up-to-date symlink: /home/wallat/Desktop/ROB9/ROB9_project/vg10_ws/install/vg_control_interfaces/include/vg_control_interfaces/vg_control_interfaces/msg/rosidl_typesupport_introspection_c__visibility_control.h
[1.063s] -- Up-to-date symlink: /home/wallat/Desktop/ROB9/ROB9_project/vg10_ws/install/vg_control_interfaces/include/vg_control_interfaces/vg_control_interfaces/srv/detail/vacuum_release__rosidl_typesupport_introspection_c.h
[1.064s] -- Up-to-date symlink: /home/wallat/Desktop/ROB9/ROB9_project/vg10_ws/install/vg_control_interfaces/include/vg_control_interfaces/vg_control_interfaces/srv/detail/vacuum_set__rosidl_typesupport_introspection_c.h
[1.064s] -- Up-to-date symlink: /home/wallat/Desktop/ROB9/ROB9_project/vg10_ws/install/vg_control_interfaces/include/vg_control_interfaces/vg_control_interfaces/msg/rosidl_generator_cpp__visibility_control.hpp
[1.064s] -- Up-to-date symlink: /home/wallat/Desktop/ROB9/ROB9_project/vg10_ws/install/vg_control_interfaces/include/vg_control_interfaces/vg_control_interfaces/srv/detail/vacuum_release__builder.hpp
[1.064s] -- Up-to-date symlink: /home/wallat/Desktop/ROB9/ROB9_project/vg10_ws/install/vg_control_interfaces/include/vg_control_interfaces/vg_control_interfaces/srv/detail/vacuum_release__struct.hpp
[1.064s] -- Up-to-date symlink: /home/wallat/Desktop/ROB9/ROB9_project/vg10_ws/install/vg_control_interfaces/include/vg_control_interfaces/vg_control_interfaces/srv/detail/vacuum_release__traits.hpp
[1.064s] -- Up-to-date symlink: /home/wallat/Desktop/ROB9/ROB9_project/vg10_ws/install/vg_control_interfaces/include/vg_control_interfaces/vg_control_interfaces/srv/detail/vacuum_release__type_support.hpp
[1.064s] -- Up-to-date symlink: /home/wallat/Desktop/ROB9/ROB9_project/vg10_ws/install/vg_control_interfaces/include/vg_control_interfaces/vg_control_interfaces/srv/detail/vacuum_set__builder.hpp
[1.065s] -- Up-to-date symlink: /home/wallat/Desktop/ROB9/ROB9_project/vg10_ws/install/vg_control_interfaces/include/vg_control_interfaces/vg_control_interfaces/srv/detail/vacuum_set__struct.hpp
[1.065s] -- Up-to-date symlink: /home/wallat/Desktop/ROB9/ROB9_project/vg10_ws/install/vg_control_interfaces/include/vg_control_interfaces/vg_control_interfaces/srv/detail/vacuum_set__traits.hpp
[1.065s] -- Up-to-date symlink: /home/wallat/Desktop/ROB9/ROB9_project/vg10_ws/install/vg_control_interfaces/include/vg_control_interfaces/vg_control_interfaces/srv/detail/vacuum_set__type_support.hpp
[1.065s] -- Up-to-date symlink: /home/wallat/Desktop/ROB9/ROB9_project/vg10_ws/install/vg_control_interfaces/include/vg_control_interfaces/vg_control_interfaces/srv/vacuum_release.hpp
[1.065s] -- Up-to-date symlink: /home/wallat/Desktop/ROB9/ROB9_project/vg10_ws/install/vg_control_interfaces/include/vg_control_interfaces/vg_control_interfaces/srv/vacuum_set.hpp
[1.065s] -- Up-to-date symlink: /home/wallat/Desktop/ROB9/ROB9_project/vg10_ws/install/vg_control_interfaces/include/vg_control_interfaces/vg_control_interfaces/msg/rosidl_typesupport_fastrtps_cpp__visibility_control.h
[1.066s] -- Up-to-date symlink: /home/wallat/Desktop/ROB9/ROB9_project/vg10_ws/install/vg_control_interfaces/include/vg_control_interfaces/vg_control_interfaces/srv/detail/vacuum_release__rosidl_typesupport_fastrtps_cpp.hpp
[1.066s] -- Up-to-date symlink: /home/wallat/Desktop/ROB9/ROB9_project/vg10_ws/install/vg_control_interfaces/include/vg_control_interfaces/vg_control_interfaces/srv/detail/vacuum_set__rosidl_typesupport_fastrtps_cpp.hpp
[1.066s] -- Up-to-date symlink: /home/wallat/Desktop/ROB9/ROB9_project/vg10_ws/install/vg_control_interfaces/include/vg_control_interfaces/vg_control_interfaces/srv/detail/vacuum_release__rosidl_typesupport_introspection_cpp.hpp
[1.066s] -- Up-to-date symlink: /home/wallat/Desktop/ROB9/ROB9_project/vg10_ws/install/vg_control_interfaces/include/vg_control_interfaces/vg_control_interfaces/srv/detail/vacuum_set__rosidl_typesupport_introspection_cpp.hpp
[1.066s] -- Up-to-date symlink: /home/wallat/Desktop/ROB9/ROB9_project/vg10_ws/install/vg_control_interfaces/share/vg_control_interfaces/environment/pythonpath.sh
[1.066s] -- Up-to-date symlink: /home/wallat/Desktop/ROB9/ROB9_project/vg10_ws/install/vg_control_interfaces/share/vg_control_interfaces/environment/pythonpath.dsv
[1.066s] -- Up-to-date symlink: /home/wallat/Desktop/ROB9/ROB9_project/vg10_ws/install/vg_control_interfaces/local/lib/python3.10/dist-packages/vg_control_interfaces-0.0.0-py3.10.egg-info/PKG-INFO
[1.067s] -- Up-to-date symlink: /home/wallat/Desktop/ROB9/ROB9_project/vg10_ws/install/vg_control_interfaces/local/lib/python3.10/dist-packages/vg_control_interfaces-0.0.0-py3.10.egg-info/SOURCES.txt
[1.067s] -- Up-to-date symlink: /home/wallat/Desktop/ROB9/ROB9_project/vg10_ws/install/vg_control_interfaces/local/lib/python3.10/dist-packages/vg_control_interfaces-0.0.0-py3.10.egg-info/dependency_links.txt
[1.067s] -- Up-to-date symlink: /home/wallat/Desktop/ROB9/ROB9_project/vg10_ws/install/vg_control_interfaces/local/lib/python3.10/dist-packages/vg_control_interfaces-0.0.0-py3.10.egg-info/top_level.txt
[1.067s] -- Up-to-date symlink: /home/wallat/Desktop/ROB9/ROB9_project/vg10_ws/install/vg_control_interfaces/local/lib/python3.10/dist-packages/vg_control_interfaces/__init__.py
[1.067s] -- Up-to-date symlink: /home/wallat/Desktop/ROB9/ROB9_project/vg10_ws/install/vg_control_interfaces/local/lib/python3.10/dist-packages/vg_control_interfaces/_vg_control_interfaces_s.ep.rosidl_typesupport_c.c
[1.067s] -- Up-to-date symlink: /home/wallat/Desktop/ROB9/ROB9_project/vg10_ws/install/vg_control_interfaces/local/lib/python3.10/dist-packages/vg_control_interfaces/_vg_control_interfaces_s.ep.rosidl_typesupport_fastrtps_c.c
[1.068s] -- Up-to-date symlink: /home/wallat/Desktop/ROB9/ROB9_project/vg10_ws/install/vg_control_interfaces/local/lib/python3.10/dist-packages/vg_control_interfaces/_vg_control_interfaces_s.ep.rosidl_typesupport_introspection_c.c
[1.068s] -- Up-to-date symlink: /home/wallat/Desktop/ROB9/ROB9_project/vg10_ws/install/vg_control_interfaces/local/lib/python3.10/dist-packages/vg_control_interfaces/libvg_control_interfaces__rosidl_generator_py.so
[1.068s] -- Up-to-date symlink: /home/wallat/Desktop/ROB9/ROB9_project/vg10_ws/install/vg_control_interfaces/local/lib/python3.10/dist-packages/vg_control_interfaces/srv/__init__.py
[1.068s] -- Up-to-date symlink: /home/wallat/Desktop/ROB9/ROB9_project/vg10_ws/install/vg_control_interfaces/local/lib/python3.10/dist-packages/vg_control_interfaces/srv/_vacuum_release.py
[1.068s] -- Up-to-date symlink: /home/wallat/Desktop/ROB9/ROB9_project/vg10_ws/install/vg_control_interfaces/local/lib/python3.10/dist-packages/vg_control_interfaces/srv/_vacuum_release_s.c
[1.068s] -- Up-to-date symlink: /home/wallat/Desktop/ROB9/ROB9_project/vg10_ws/install/vg_control_interfaces/local/lib/python3.10/dist-packages/vg_control_interfaces/srv/_vacuum_set.py
[1.068s] -- Up-to-date symlink: /home/wallat/Desktop/ROB9/ROB9_project/vg10_ws/install/vg_control_interfaces/local/lib/python3.10/dist-packages/vg_control_interfaces/srv/_vacuum_set_s.c
[1.068s] -- Up-to-date symlink: /home/wallat/Desktop/ROB9/ROB9_project/vg10_ws/install/vg_control_interfaces/local/lib/python3.10/dist-packages/vg_control_interfaces/vg_control_interfaces_s__rosidl_typesupport_c.cpython-310-x86_64-linux-gnu.so
[1.068s] -- Up-to-date symlink: /home/wallat/Desktop/ROB9/ROB9_project/vg10_ws/install/vg_control_interfaces/local/lib/python3.10/dist-packages/vg_control_interfaces/vg_control_interfaces_s__rosidl_typesupport_fastrtps_c.cpython-310-x86_64-linux-gnu.so
[1.068s] -- Up-to-date symlink: /home/wallat/Desktop/ROB9/ROB9_project/vg10_ws/install/vg_control_interfaces/local/lib/python3.10/dist-packages/vg_control_interfaces/vg_control_interfaces_s__rosidl_typesupport_introspection_c.cpython-310-x86_64-linux-gnu.so
[1.069s] -- Up-to-date symlink: /home/wallat/Desktop/ROB9/ROB9_project/vg10_ws/install/vg_control_interfaces/local/lib/python3.10/dist-packages/vg_control_interfaces/vg_control_interfaces_s__rosidl_typesupport_fastrtps_c.cpython-310-x86_64-linux-gnu.so
[1.069s] -- Up-to-date symlink: /home/wallat/Desktop/ROB9/ROB9_project/vg10_ws/install/vg_control_interfaces/local/lib/python3.10/dist-packages/vg_control_interfaces/vg_control_interfaces_s__rosidl_typesupport_introspection_c.cpython-310-x86_64-linux-gnu.so
[1.069s] -- Up-to-date symlink: /home/wallat/Desktop/ROB9/ROB9_project/vg10_ws/install/vg_control_interfaces/local/lib/python3.10/dist-packages/vg_control_interfaces/vg_control_interfaces_s__rosidl_typesupport_c.cpython-310-x86_64-linux-gnu.so
[1.069s] -- Up-to-date symlink: /home/wallat/Desktop/ROB9/ROB9_project/vg10_ws/install/vg_control_interfaces/share/vg_control_interfaces/srv/VacuumSet.idl
[1.069s] -- Up-to-date symlink: /home/wallat/Desktop/ROB9/ROB9_project/vg10_ws/install/vg_control_interfaces/share/vg_control_interfaces/srv/VacuumRelease.idl
[1.069s] -- Up-to-date symlink: /home/wallat/Desktop/ROB9/ROB9_project/vg10_ws/install/vg_control_interfaces/share/vg_control_interfaces/srv/VacuumSet.srv
[1.070s] -- Up-to-date symlink: /home/wallat/Desktop/ROB9/ROB9_project/vg10_ws/install/vg_control_interfaces/share/vg_control_interfaces/srv/VacuumSet_Request.msg
[1.070s] -- Up-to-date symlink: /home/wallat/Desktop/ROB9/ROB9_project/vg10_ws/install/vg_control_interfaces/share/vg_control_interfaces/srv/VacuumSet_Response.msg
[1.070s] -- Up-to-date symlink: /home/wallat/Desktop/ROB9/ROB9_project/vg10_ws/install/vg_control_interfaces/share/vg_control_interfaces/srv/VacuumRelease.srv
[1.070s] -- Up-to-date symlink: /home/wallat/Desktop/ROB9/ROB9_project/vg10_ws/install/vg_control_interfaces/share/vg_control_interfaces/srv/VacuumRelease_Request.msg
[1.070s] -- Up-to-date symlink: /home/wallat/Desktop/ROB9/ROB9_project/vg10_ws/install/vg_control_interfaces/share/vg_control_interfaces/srv/VacuumRelease_Response.msg
[1.070s] -- Up-to-date symlink: /home/wallat/Desktop/ROB9/ROB9_project/vg10_ws/install/vg_control_interfaces/share/ament_index/resource_index/package_run_dependencies/vg_control_interfaces
[1.070s] -- Up-to-date symlink: /home/wallat/Desktop/ROB9/ROB9_project/vg10_ws/install/vg_control_interfaces/share/ament_index/resource_index/parent_prefix_path/vg_control_interfaces
[1.070s] -- Up-to-date symlink: /home/wallat/Desktop/ROB9/ROB9_project/vg10_ws/install/vg_control_interfaces/share/vg_control_interfaces/environment/ament_prefix_path.sh
[1.071s] -- Up-to-date symlink: /home/wallat/Desktop/ROB9/ROB9_project/vg10_ws/install/vg_control_interfaces/share/vg_control_interfaces/environment/ament_prefix_path.dsv
[1.071s] -- Up-to-date symlink: /home/wallat/Desktop/ROB9/ROB9_project/vg10_ws/install/vg_control_interfaces/share/vg_control_interfaces/environment/path.sh
[1.071s] -- Up-to-date symlink: /home/wallat/Desktop/ROB9/ROB9_project/vg10_ws/install/vg_control_interfaces/share/vg_control_interfaces/environment/path.dsv
[1.071s] -- Up-to-date symlink: /home/wallat/Desktop/ROB9/ROB9_project/vg10_ws/install/vg_control_interfaces/share/vg_control_interfaces/local_setup.bash
[1.071s] -- Up-to-date symlink: /home/wallat/Desktop/ROB9/ROB9_project/vg10_ws/install/vg_control_interfaces/share/vg_control_interfaces/local_setup.sh
[1.071s] -- Up-to-date symlink: /home/wallat/Desktop/ROB9/ROB9_project/vg10_ws/install/vg_control_interfaces/share/vg_control_interfaces/local_setup.zsh
[1.071s] -- Up-to-date symlink: /home/wallat/Desktop/ROB9/ROB9_project/vg10_ws/install/vg_control_interfaces/share/vg_control_interfaces/local_setup.dsv
[1.071s] -- Symlinking: /home/wallat/Desktop/ROB9/ROB9_project/vg10_ws/install/vg_control_interfaces/share/vg_control_interfaces/package.dsv
[1.079s] -- Up-to-date symlink: /home/wallat/Desktop/ROB9/ROB9_project/vg10_ws/install/vg_control_interfaces/share/ament_index/resource_index/packages/vg_control_interfaces
[1.079s] -- Up-to-date symlink: /home/wallat/Desktop/ROB9/ROB9_project/vg10_ws/install/vg_control_interfaces/share/vg_control_interfaces/cmake/rosidl_cmake-extras.cmake
[1.079s] -- Up-to-date symlink: /home/wallat/Desktop/ROB9/ROB9_project/vg10_ws/install/vg_control_interfaces/share/vg_control_interfaces/cmake/ament_cmake_export_include_directories-extras.cmake
[1.079s] -- Up-to-date symlink: /home/wallat/Desktop/ROB9/ROB9_project/vg10_ws/install/vg_control_interfaces/share/vg_control_interfaces/cmake/ament_cmake_export_libraries-extras.cmake
[1.079s] -- Up-to-date symlink: /home/wallat/Desktop/ROB9/ROB9_project/vg10_ws/install/vg_control_interfaces/share/vg_control_interfaces/cmake/ament_cmake_export_targets-extras.cmake
[1.079s] -- Up-to-date symlink: /home/wallat/Desktop/ROB9/ROB9_project/vg10_ws/install/vg_control_interfaces/share/vg_control_interfaces/cmake/rosidl_cmake_export_typesupport_targets-extras.cmake
[1.080s] -- Up-to-date symlink: /home/wallat/Desktop/ROB9/ROB9_project/vg10_ws/install/vg_control_interfaces/share/vg_control_interfaces/cmake/ament_cmake_export_dependencies-extras.cmake
[1.080s] -- Up-to-date symlink: /home/wallat/Desktop/ROB9/ROB9_project/vg10_ws/install/vg_control_interfaces/share/vg_control_interfaces/cmake/rosidl_cmake_export_typesupport_libraries-extras.cmake
[1.080s] -- Up-to-date symlink: /home/wallat/Desktop/ROB9/ROB9_project/vg10_ws/install/vg_control_interfaces/share/vg_control_interfaces/cmake/vg_control_interfacesConfig.cmake
[1.080s] -- Up-to-date symlink: /home/wallat/Desktop/ROB9/ROB9_project/vg10_ws/install/vg_control_interfaces/share/vg_control_interfaces/cmake/vg_control_interfacesConfig-version.cmake
[1.080s] -- Up-to-date symlink: /home/wallat/Desktop/ROB9/ROB9_project/vg10_ws/install/vg_control_interfaces/share/vg_control_interfaces/package.xml
[1.080s] -- Up-to-date: /home/wallat/Desktop/ROB9/ROB9_project/vg10_ws/install/vg_control_interfaces/lib/libvg_control_interfaces__rosidl_generator_c.so
[1.081s] -- Up-to-date: /home/wallat/Desktop/ROB9/ROB9_project/vg10_ws/install/vg_control_interfaces/lib/libvg_control_interfaces__rosidl_typesupport_fastrtps_c.so
[1.081s] -- Up-to-date: /home/wallat/Desktop/ROB9/ROB9_project/vg10_ws/install/vg_control_interfaces/lib/libvg_control_interfaces__rosidl_typesupport_introspection_c.so
[1.081s] -- Up-to-date: /home/wallat/Desktop/ROB9/ROB9_project/vg10_ws/install/vg_control_interfaces/lib/libvg_control_interfaces__rosidl_typesupport_c.so
[1.081s] -- Up-to-date: /home/wallat/Desktop/ROB9/ROB9_project/vg10_ws/install/vg_control_interfaces/lib/libvg_control_interfaces__rosidl_typesupport_fastrtps_cpp.so
[1.082s] -- Up-to-date: /home/wallat/Desktop/ROB9/ROB9_project/vg10_ws/install/vg_control_interfaces/lib/libvg_control_interfaces__rosidl_typesupport_introspection_cpp.so
[1.082s] -- Up-to-date: /home/wallat/Desktop/ROB9/ROB9_project/vg10_ws/install/vg_control_interfaces/lib/libvg_control_interfaces__rosidl_typesupport_cpp.so
[1.108s] Listing '/home/wallat/Desktop/ROB9/ROB9_project/vg10_ws/install/vg_control_interfaces/local/lib/python3.10/dist-packages/vg_control_interfaces'...
[1.108s] Compiling '/home/wallat/Desktop/ROB9/ROB9_project/vg10_ws/install/vg_control_interfaces/local/lib/python3.10/dist-packages/vg_control_interfaces/__init__.py'...
[1.108s] Listing '/home/wallat/Desktop/ROB9/ROB9_project/vg10_ws/install/vg_control_interfaces/local/lib/python3.10/dist-packages/vg_control_interfaces/srv'...
[1.111s] -- Up-to-date: /home/wallat/Desktop/ROB9/ROB9_project/vg10_ws/install/vg_control_interfaces/lib/libvg_control_interfaces__rosidl_generator_py.so
[1.111s] -- Up-to-date: /home/wallat/Desktop/ROB9/ROB9_project/vg10_ws/install/vg_control_interfaces/share/vg_control_interfaces/cmake/export_vg_control_interfaces__rosidl_generator_cExport.cmake
[1.111s] -- Up-to-date: /home/wallat/Desktop/ROB9/ROB9_project/vg10_ws/install/vg_control_interfaces/share/vg_control_interfaces/cmake/export_vg_control_interfaces__rosidl_generator_cExport-noconfig.cmake
[1.111s] -- Up-to-date: /home/wallat/Desktop/ROB9/ROB9_project/vg10_ws/install/vg_control_interfaces/share/vg_control_interfaces/cmake/export_vg_control_interfaces__rosidl_typesupport_fastrtps_cExport.cmake
[1.111s] -- Up-to-date: /home/wallat/Desktop/ROB9/ROB9_project/vg10_ws/install/vg_control_interfaces/share/vg_control_interfaces/cmake/export_vg_control_interfaces__rosidl_typesupport_fastrtps_cExport-noconfig.cmake
[1.111s] -- Up-to-date: /home/wallat/Desktop/ROB9/ROB9_project/vg10_ws/install/vg_control_interfaces/share/vg_control_interfaces/cmake/vg_control_interfaces__rosidl_typesupport_introspection_cExport.cmake
[1.111s] -- Up-to-date: /home/wallat/Desktop/ROB9/ROB9_project/vg10_ws/install/vg_control_interfaces/share/vg_control_interfaces/cmake/vg_control_interfaces__rosidl_typesupport_introspection_cExport-noconfig.cmake
[1.112s] -- Up-to-date: /home/wallat/Desktop/ROB9/ROB9_project/vg10_ws/install/vg_control_interfaces/share/vg_control_interfaces/cmake/vg_control_interfaces__rosidl_typesupport_cExport.cmake
[1.112s] -- Up-to-date: /home/wallat/Desktop/ROB9/ROB9_project/vg10_ws/install/vg_control_interfaces/share/vg_control_interfaces/cmake/vg_control_interfaces__rosidl_typesupport_cExport-noconfig.cmake
[1.112s] -- Up-to-date: /home/wallat/Desktop/ROB9/ROB9_project/vg10_ws/install/vg_control_interfaces/share/vg_control_interfaces/cmake/export_vg_control_interfaces__rosidl_generator_cppExport.cmake
[1.112s] -- Up-to-date: /home/wallat/Desktop/ROB9/ROB9_project/vg10_ws/install/vg_control_interfaces/share/vg_control_interfaces/cmake/export_vg_control_interfaces__rosidl_typesupport_fastrtps_cppExport.cmake
[1.112s] -- Up-to-date: /home/wallat/Desktop/ROB9/ROB9_project/vg10_ws/install/vg_control_interfaces/share/vg_control_interfaces/cmake/export_vg_control_interfaces__rosidl_typesupport_fastrtps_cppExport-noconfig.cmake
[1.112s] -- Up-to-date: /home/wallat/Desktop/ROB9/ROB9_project/vg10_ws/install/vg_control_interfaces/share/vg_control_interfaces/cmake/vg_control_interfaces__rosidl_typesupport_introspection_cppExport.cmake
[1.112s] -- Up-to-date: /home/wallat/Desktop/ROB9/ROB9_project/vg10_ws/install/vg_control_interfaces/share/vg_control_interfaces/cmake/vg_control_interfaces__rosidl_typesupport_introspection_cppExport-noconfig.cmake
[1.112s] -- Up-to-date: /home/wallat/Desktop/ROB9/ROB9_project/vg10_ws/install/vg_control_interfaces/share/vg_control_interfaces/cmake/vg_control_interfaces__rosidl_typesupport_cppExport.cmake
[1.112s] -- Up-to-date: /home/wallat/Desktop/ROB9/ROB9_project/vg10_ws/install/vg_control_interfaces/share/vg_control_interfaces/cmake/vg_control_interfaces__rosidl_typesupport_cppExport-noconfig.cmake
[1.112s] -- Up-to-date: /home/wallat/Desktop/ROB9/ROB9_project/vg10_ws/install/vg_control_interfaces/share/vg_control_interfaces/cmake/export_vg_control_interfaces__rosidl_generator_pyExport.cmake
[1.112s] -- Up-to-date: /home/wallat/Desktop/ROB9/ROB9_project/vg10_ws/install/vg_control_interfaces/share/vg_control_interfaces/cmake/export_vg_control_interfaces__rosidl_generator_pyExport-noconfig.cmake
[1.114s] Invoked command in '/home/wallat/Desktop/ROB9/ROB9_project/vg10_ws/build/vg_control_interfaces' returned '0': CMAKE_PREFIX_PATH=${CMAKE_PREFIX_PATH}:/home/wallat/Desktop/ROB9/ROB9_project/vg10_ws/install/vg10_control:/opt/ros/humble /usr/bin/cmake --install /home/wallat/Desktop/ROB9/ROB9_project/vg10_ws/build/vg_control_interfaces
