-- The C compiler identification is GNU 11.4.0
-- The CXX compiler identification is GNU 11.4.0
-- Detecting C compiler ABI info
-- Detecting C compiler ABI info - done
-- Check for working C compiler: /usr/bin/cc - skipped
-- Detecting C compile features
-- Detecting C compile features - done
-- Detecting CXX compiler ABI info
-- Detecting CXX compiler ABI info - done
-- Check for working CXX compiler: /usr/bin/c++ - skipped
-- Detecting CXX compile features
-- Detecting CXX compile features - done
-- Found ament_cmake: 1.3.11 (/opt/ros/humble/share/ament_cmake/cmake)
-- Found Python3: /usr/bin/python3 (found version "3.10.12") found components: Interpreter 
-- Override CMake install command with custom implementation using symlinks instead of copying resources
-- Found ament_lint_auto: 0.12.12 (/opt/ros/humble/share/ament_lint_auto/cmake)
-- Found rosidl_default_generators: 1.2.0 (/opt/ros/humble/share/rosidl_default_generators/cmake)
-- Using all available rosidl_typesupport_c: rosidl_typesupport_fastrtps_c;rosidl_typesupport_introspection_c
-- Found rosidl_adapter: 3.1.6 (/opt/ros/humble/share/rosidl_adapter/cmake)
-- Using all available rosidl_typesupport_cpp: rosidl_typesupport_fastrtps_cpp;rosidl_typesupport_introspection_cpp
-- Found ament_cmake_ros: 0.10.0 (/opt/ros/humble/share/ament_cmake_ros/cmake)
-- Using all available rosidl_typesupport_c: rosidl_typesupport_fastrtps_c;rosidl_typesupport_introspection_c
-- Using all available rosidl_typesupport_cpp: rosidl_typesupport_fastrtps_cpp;rosidl_typesupport_introspection_cpp
-- Found PythonInterp: /usr/bin/python3 (found suitable version "3.10.12", minimum required is "3.6") 
-- Found python_cmake_module: 0.10.0 (/opt/ros/humble/share/python_cmake_module/cmake)
-- Found PythonLibs: /usr/lib/x86_64-linux-gnu/libpython3.10.so (found suitable version "3.10.12", minimum required is "3.5") 
-- Using PYTHON_EXECUTABLE: /usr/bin/python3
-- Using PYTHON_INCLUDE_DIRS: /usr/include/python3.10
-- Using PYTHON_LIBRARIES: /usr/lib/x86_64-linux-gnu/libpython3.10.so
-- Found PythonExtra: .so  
-- Added test 'lint_cmake' to check CMake code style
-- Added test 'xmllint' to check XML markup files
-- Configuring done
-- Generating done
-- Build files have been written to: /home/wallat/Desktop/ROB9/ROB9_project/vg10_ws/build/vg_control_interfaces
[  2%] [34m[1mGenerating C code for ROS interfaces[0m
[  5%] [34m[1mGenerating C++ code for ROS interfaces[0m
[  5%] Built target ament_cmake_python_symlink_vg_control_interfaces
running egg_info
creating vg_control_interfaces.egg-info
writing vg_control_interfaces.egg-info/PKG-INFO
writing dependency_links to vg_control_interfaces.egg-info/dependency_links.txt
writing top-level names to vg_control_interfaces.egg-info/top_level.txt
writing manifest file 'vg_control_interfaces.egg-info/SOURCES.txt'
reading manifest file 'vg_control_interfaces.egg-info/SOURCES.txt'
writing manifest file 'vg_control_interfaces.egg-info/SOURCES.txt'
[  5%] Built target ament_cmake_python_build_vg_control_interfaces_egg
[  5%] Built target vg_control_interfaces__cpp
[ 10%] [32mBuilding C object CMakeFiles/vg_control_interfaces__rosidl_generator_c.dir/rosidl_generator_c/vg_control_interfaces/srv/detail/vacuum_set__functions.c.o[0m
[ 10%] [32mBuilding C object CMakeFiles/vg_control_interfaces__rosidl_generator_c.dir/rosidl_generator_c/vg_control_interfaces/srv/detail/vacuum_release__functions.c.o[0m
[ 17%] [34m[1mGenerating C++ type support dispatch for ROS interfaces[0m
[ 17%] [34m[1mGenerating C++ type support for eProsima Fast-RTPS[0m
[ 17%] [34m[1mGenerating C++ introspection for ROS interfaces[0m
[ 20%] [32m[1mLinking C shared library libvg_control_interfaces__rosidl_generator_c.so[0m
[ 20%] Built target vg_control_interfaces__rosidl_generator_c
[ 25%] [34m[1mGenerating C type support for eProsima Fast-RTPS[0m
[ 25%] [34m[1mGenerating C type support dispatch for ROS interfaces[0m
[ 28%] [34m[1mGenerating C introspection for ROS interfaces[0m
[ 30%] [32mBuilding CXX object CMakeFiles/vg_control_interfaces__rosidl_typesupport_cpp.dir/rosidl_typesupport_cpp/vg_control_interfaces/srv/vacuum_release__type_support.cpp.o[0m
[ 33%] [32mBuilding CXX object CMakeFiles/vg_control_interfaces__rosidl_typesupport_cpp.dir/rosidl_typesupport_cpp/vg_control_interfaces/srv/vacuum_set__type_support.cpp.o[0m
[ 35%] [32mBuilding CXX object CMakeFiles/vg_control_interfaces__rosidl_typesupport_introspection_cpp.dir/rosidl_typesupport_introspection_cpp/vg_control_interfaces/srv/detail/vacuum_release__type_support.cpp.o[0m
[ 38%] [32mBuilding CXX object CMakeFiles/vg_control_interfaces__rosidl_typesupport_introspection_cpp.dir/rosidl_typesupport_introspection_cpp/vg_control_interfaces/srv/detail/vacuum_set__type_support.cpp.o[0m
[ 43%] [32mBuilding CXX object CMakeFiles/vg_control_interfaces__rosidl_typesupport_fastrtps_cpp.dir/rosidl_typesupport_fastrtps_cpp/vg_control_interfaces/srv/detail/dds_fastrtps/vacuum_set__type_support.cpp.o[0m
[ 43%] [32mBuilding CXX object CMakeFiles/vg_control_interfaces__rosidl_typesupport_fastrtps_cpp.dir/rosidl_typesupport_fastrtps_cpp/vg_control_interfaces/srv/detail/dds_fastrtps/vacuum_release__type_support.cpp.o[0m
[ 46%] [32mBuilding CXX object CMakeFiles/vg_control_interfaces__rosidl_typesupport_c.dir/rosidl_typesupport_c/vg_control_interfaces/srv/vacuum_set__type_support.cpp.o[0m
[ 48%] [32mBuilding CXX object CMakeFiles/vg_control_interfaces__rosidl_typesupport_c.dir/rosidl_typesupport_c/vg_control_interfaces/srv/vacuum_release__type_support.cpp.o[0m
[ 53%] [32mBuilding C object CMakeFiles/vg_control_interfaces__rosidl_typesupport_introspection_c.dir/rosidl_typesupport_introspection_c/vg_control_interfaces/srv/detail/vacuum_set__type_support.c.o[0m
[ 53%] [32mBuilding C object CMakeFiles/vg_control_interfaces__rosidl_typesupport_introspection_c.dir/rosidl_typesupport_introspection_c/vg_control_interfaces/srv/detail/vacuum_release__type_support.c.o[0m
[ 56%] [32m[1mLinking CXX shared library libvg_control_interfaces__rosidl_typesupport_c.so[0m
[ 61%] [32mBuilding CXX object CMakeFiles/vg_control_interfaces__rosidl_typesupport_fastrtps_c.dir/rosidl_typesupport_fastrtps_c/vg_control_interfaces/srv/detail/vacuum_release__type_support_c.cpp.o[0m
[ 61%] [32mBuilding CXX object CMakeFiles/vg_control_interfaces__rosidl_typesupport_fastrtps_c.dir/rosidl_typesupport_fastrtps_c/vg_control_interfaces/srv/detail/vacuum_set__type_support_c.cpp.o[0m
[ 64%] [32m[1mLinking C shared library libvg_control_interfaces__rosidl_typesupport_introspection_c.so[0m
[ 64%] Built target vg_control_interfaces__rosidl_typesupport_c
[ 64%] Built target vg_control_interfaces__rosidl_typesupport_introspection_c
[ 66%] [32m[1mLinking CXX shared library libvg_control_interfaces__rosidl_typesupport_cpp.so[0m
[ 66%] Built target vg_control_interfaces__rosidl_typesupport_cpp
[ 69%] [32m[1mLinking CXX shared library libvg_control_interfaces__rosidl_typesupport_introspection_cpp.so[0m
[ 71%] [32m[1mLinking CXX shared library libvg_control_interfaces__rosidl_typesupport_fastrtps_cpp.so[0m
[ 71%] Built target vg_control_interfaces__rosidl_typesupport_introspection_cpp
[ 74%] [32m[1mLinking CXX shared library libvg_control_interfaces__rosidl_typesupport_fastrtps_c.so[0m
[ 74%] Built target vg_control_interfaces__rosidl_typesupport_fastrtps_cpp
[ 74%] Built target vg_control_interfaces__rosidl_typesupport_fastrtps_c
[ 74%] Built target vg_control_interfaces
[ 76%] [34m[1mGenerating Python code for ROS interfaces[0m
[ 76%] Built target vg_control_interfaces__py
[ 82%] [32mBuilding C object CMakeFiles/vg_control_interfaces__rosidl_generator_py.dir/rosidl_generator_py/vg_control_interfaces/srv/_vacuum_set_s.c.o[0m
[ 82%] [32mBuilding C object CMakeFiles/vg_control_interfaces__rosidl_generator_py.dir/rosidl_generator_py/vg_control_interfaces/srv/_vacuum_release_s.c.o[0m
[ 84%] [32m[1mLinking C shared library rosidl_generator_py/vg_control_interfaces/libvg_control_interfaces__rosidl_generator_py.so[0m
[ 84%] Built target vg_control_interfaces__rosidl_generator_py
[ 89%] [32mBuilding C object CMakeFiles/vg_control_interfaces__rosidl_typesupport_fastrtps_c__pyext.dir/rosidl_generator_py/vg_control_interfaces/_vg_control_interfaces_s.ep.rosidl_typesupport_fastrtps_c.c.o[0m
[ 89%] [32mBuilding C object CMakeFiles/vg_control_interfaces__rosidl_typesupport_c__pyext.dir/rosidl_generator_py/vg_control_interfaces/_vg_control_interfaces_s.ep.rosidl_typesupport_c.c.o[0m
[ 92%] [32mBuilding C object CMakeFiles/vg_control_interfaces__rosidl_typesupport_introspection_c__pyext.dir/rosidl_generator_py/vg_control_interfaces/_vg_control_interfaces_s.ep.rosidl_typesupport_introspection_c.c.o[0m
[ 94%] [32m[1mLinking C shared library rosidl_generator_py/vg_control_interfaces/vg_control_interfaces_s__rosidl_typesupport_c.cpython-310-x86_64-linux-gnu.so[0m
[ 97%] [32m[1mLinking C shared library rosidl_generator_py/vg_control_interfaces/vg_control_interfaces_s__rosidl_typesupport_introspection_c.cpython-310-x86_64-linux-gnu.so[0m
[100%] [32m[1mLinking C shared library rosidl_generator_py/vg_control_interfaces/vg_control_interfaces_s__rosidl_typesupport_fastrtps_c.cpython-310-x86_64-linux-gnu.so[0m
[100%] Built target vg_control_interfaces__rosidl_typesupport_c__pyext
[100%] Built target vg_control_interfaces__rosidl_typesupport_introspection_c__pyext
[100%] Built target vg_control_interfaces__rosidl_typesupport_fastrtps_c__pyext
-- Install configuration: ""
-- Execute custom install script
-- Symlinking: /home/wallat/Desktop/ROB9/ROB9_project/vg10_ws/install/vg_control_interfaces/share/ament_index/resource_index/rosidl_interfaces/vg_control_interfaces
-- Symlinking: /home/wallat/Desktop/ROB9/ROB9_project/vg10_ws/install/vg_control_interfaces/include/vg_control_interfaces/vg_control_interfaces/msg/rosidl_generator_c__visibility_control.h
-- Symlinking: /home/wallat/Desktop/ROB9/ROB9_project/vg10_ws/install/vg_control_interfaces/include/vg_control_interfaces/vg_control_interfaces/srv/detail/vacuum_release__functions.h
-- Symlinking: /home/wallat/Desktop/ROB9/ROB9_project/vg10_ws/install/vg_control_interfaces/include/vg_control_interfaces/vg_control_interfaces/srv/detail/vacuum_release__struct.h
-- Symlinking: /home/wallat/Desktop/ROB9/ROB9_project/vg10_ws/install/vg_control_interfaces/include/vg_control_interfaces/vg_control_interfaces/srv/detail/vacuum_release__type_support.h
-- Symlinking: /home/wallat/Desktop/ROB9/ROB9_project/vg10_ws/install/vg_control_interfaces/include/vg_control_interfaces/vg_control_interfaces/srv/detail/vacuum_set__functions.h
-- Symlinking: /home/wallat/Desktop/ROB9/ROB9_project/vg10_ws/install/vg_control_interfaces/include/vg_control_interfaces/vg_control_interfaces/srv/detail/vacuum_set__struct.h
-- Symlinking: /home/wallat/Desktop/ROB9/ROB9_project/vg10_ws/install/vg_control_interfaces/include/vg_control_interfaces/vg_control_interfaces/srv/detail/vacuum_set__type_support.h
-- Symlinking: /home/wallat/Desktop/ROB9/ROB9_project/vg10_ws/install/vg_control_interfaces/include/vg_control_interfaces/vg_control_interfaces/srv/vacuum_release.h
-- Symlinking: /home/wallat/Desktop/ROB9/ROB9_project/vg10_ws/install/vg_control_interfaces/include/vg_control_interfaces/vg_control_interfaces/srv/vacuum_set.h
-- Symlinking: /home/wallat/Desktop/ROB9/ROB9_project/vg10_ws/install/vg_control_interfaces/share/vg_control_interfaces/environment/library_path.sh
-- Symlinking: /home/wallat/Desktop/ROB9/ROB9_project/vg10_ws/install/vg_control_interfaces/share/vg_control_interfaces/environment/library_path.dsv
-- Symlinking: /home/wallat/Desktop/ROB9/ROB9_project/vg10_ws/install/vg_control_interfaces/include/vg_control_interfaces/vg_control_interfaces/msg/rosidl_typesupport_fastrtps_c__visibility_control.h
-- Symlinking: /home/wallat/Desktop/ROB9/ROB9_project/vg10_ws/install/vg_control_interfaces/include/vg_control_interfaces/vg_control_interfaces/srv/detail/vacuum_release__rosidl_typesupport_fastrtps_c.h
-- Symlinking: /home/wallat/Desktop/ROB9/ROB9_project/vg10_ws/install/vg_control_interfaces/include/vg_control_interfaces/vg_control_interfaces/srv/detail/vacuum_set__rosidl_typesupport_fastrtps_c.h
-- Symlinking: /home/wallat/Desktop/ROB9/ROB9_project/vg10_ws/install/vg_control_interfaces/include/vg_control_interfaces/vg_control_interfaces/msg/rosidl_typesupport_introspection_c__visibility_control.h
-- Symlinking: /home/wallat/Desktop/ROB9/ROB9_project/vg10_ws/install/vg_control_interfaces/include/vg_control_interfaces/vg_control_interfaces/srv/detail/vacuum_release__rosidl_typesupport_introspection_c.h
-- Symlinking: /home/wallat/Desktop/ROB9/ROB9_project/vg10_ws/install/vg_control_interfaces/include/vg_control_interfaces/vg_control_interfaces/srv/detail/vacuum_set__rosidl_typesupport_introspection_c.h
-- Symlinking: /home/wallat/Desktop/ROB9/ROB9_project/vg10_ws/install/vg_control_interfaces/include/vg_control_interfaces/vg_control_interfaces/msg/rosidl_generator_cpp__visibility_control.hpp
-- Symlinking: /home/wallat/Desktop/ROB9/ROB9_project/vg10_ws/install/vg_control_interfaces/include/vg_control_interfaces/vg_control_interfaces/srv/detail/vacuum_release__builder.hpp
-- Symlinking: /home/wallat/Desktop/ROB9/ROB9_project/vg10_ws/install/vg_control_interfaces/include/vg_control_interfaces/vg_control_interfaces/srv/detail/vacuum_release__struct.hpp
-- Symlinking: /home/wallat/Desktop/ROB9/ROB9_project/vg10_ws/install/vg_control_interfaces/include/vg_control_interfaces/vg_control_interfaces/srv/detail/vacuum_release__traits.hpp
-- Symlinking: /home/wallat/Desktop/ROB9/ROB9_project/vg10_ws/install/vg_control_interfaces/include/vg_control_interfaces/vg_control_interfaces/srv/detail/vacuum_release__type_support.hpp
-- Symlinking: /home/wallat/Desktop/ROB9/ROB9_project/vg10_ws/install/vg_control_interfaces/include/vg_control_interfaces/vg_control_interfaces/srv/detail/vacuum_set__builder.hpp
-- Symlinking: /home/wallat/Desktop/ROB9/ROB9_project/vg10_ws/install/vg_control_interfaces/include/vg_control_interfaces/vg_control_interfaces/srv/detail/vacuum_set__struct.hpp
-- Symlinking: /home/wallat/Desktop/ROB9/ROB9_project/vg10_ws/install/vg_control_interfaces/include/vg_control_interfaces/vg_control_interfaces/srv/detail/vacuum_set__traits.hpp
-- Symlinking: /home/wallat/Desktop/ROB9/ROB9_project/vg10_ws/install/vg_control_interfaces/include/vg_control_interfaces/vg_control_interfaces/srv/detail/vacuum_set__type_support.hpp
-- Symlinking: /home/wallat/Desktop/ROB9/ROB9_project/vg10_ws/install/vg_control_interfaces/include/vg_control_interfaces/vg_control_interfaces/srv/vacuum_release.hpp
-- Symlinking: /home/wallat/Desktop/ROB9/ROB9_project/vg10_ws/install/vg_control_interfaces/include/vg_control_interfaces/vg_control_interfaces/srv/vacuum_set.hpp
-- Symlinking: /home/wallat/Desktop/ROB9/ROB9_project/vg10_ws/install/vg_control_interfaces/include/vg_control_interfaces/vg_control_interfaces/msg/rosidl_typesupport_fastrtps_cpp__visibility_control.h
-- Symlinking: /home/wallat/Desktop/ROB9/ROB9_project/vg10_ws/install/vg_control_interfaces/include/vg_control_interfaces/vg_control_interfaces/srv/detail/vacuum_release__rosidl_typesupport_fastrtps_cpp.hpp
-- Symlinking: /home/wallat/Desktop/ROB9/ROB9_project/vg10_ws/install/vg_control_interfaces/include/vg_control_interfaces/vg_control_interfaces/srv/detail/vacuum_set__rosidl_typesupport_fastrtps_cpp.hpp
-- Symlinking: /home/wallat/Desktop/ROB9/ROB9_project/vg10_ws/install/vg_control_interfaces/include/vg_control_interfaces/vg_control_interfaces/srv/detail/vacuum_release__rosidl_typesupport_introspection_cpp.hpp
-- Symlinking: /home/wallat/Desktop/ROB9/ROB9_project/vg10_ws/install/vg_control_interfaces/include/vg_control_interfaces/vg_control_interfaces/srv/detail/vacuum_set__rosidl_typesupport_introspection_cpp.hpp
-- Symlinking: /home/wallat/Desktop/ROB9/ROB9_project/vg10_ws/install/vg_control_interfaces/share/vg_control_interfaces/environment/pythonpath.sh
-- Symlinking: /home/wallat/Desktop/ROB9/ROB9_project/vg10_ws/install/vg_control_interfaces/share/vg_control_interfaces/environment/pythonpath.dsv
-- Symlinking: /home/wallat/Desktop/ROB9/ROB9_project/vg10_ws/install/vg_control_interfaces/local/lib/python3.10/dist-packages/vg_control_interfaces-0.0.0-py3.10.egg-info/PKG-INFO
-- Symlinking: /home/wallat/Desktop/ROB9/ROB9_project/vg10_ws/install/vg_control_interfaces/local/lib/python3.10/dist-packages/vg_control_interfaces-0.0.0-py3.10.egg-info/SOURCES.txt
-- Symlinking: /home/wallat/Desktop/ROB9/ROB9_project/vg10_ws/install/vg_control_interfaces/local/lib/python3.10/dist-packages/vg_control_interfaces-0.0.0-py3.10.egg-info/dependency_links.txt
-- Symlinking: /home/wallat/Desktop/ROB9/ROB9_project/vg10_ws/install/vg_control_interfaces/local/lib/python3.10/dist-packages/vg_control_interfaces-0.0.0-py3.10.egg-info/top_level.txt
-- Symlinking: /home/wallat/Desktop/ROB9/ROB9_project/vg10_ws/install/vg_control_interfaces/local/lib/python3.10/dist-packages/vg_control_interfaces/__init__.py
-- Symlinking: /home/wallat/Desktop/ROB9/ROB9_project/vg10_ws/install/vg_control_interfaces/local/lib/python3.10/dist-packages/vg_control_interfaces/_vg_control_interfaces_s.ep.rosidl_typesupport_c.c
-- Symlinking: /home/wallat/Desktop/ROB9/ROB9_project/vg10_ws/install/vg_control_interfaces/local/lib/python3.10/dist-packages/vg_control_interfaces/_vg_control_interfaces_s.ep.rosidl_typesupport_fastrtps_c.c
-- Symlinking: /home/wallat/Desktop/ROB9/ROB9_project/vg10_ws/install/vg_control_interfaces/local/lib/python3.10/dist-packages/vg_control_interfaces/_vg_control_interfaces_s.ep.rosidl_typesupport_introspection_c.c
-- Symlinking: /home/wallat/Desktop/ROB9/ROB9_project/vg10_ws/install/vg_control_interfaces/local/lib/python3.10/dist-packages/vg_control_interfaces/libvg_control_interfaces__rosidl_generator_py.so
-- Symlinking: /home/wallat/Desktop/ROB9/ROB9_project/vg10_ws/install/vg_control_interfaces/local/lib/python3.10/dist-packages/vg_control_interfaces/srv/__init__.py
-- Symlinking: /home/wallat/Desktop/ROB9/ROB9_project/vg10_ws/install/vg_control_interfaces/local/lib/python3.10/dist-packages/vg_control_interfaces/srv/_vacuum_release.py
-- Symlinking: /home/wallat/Desktop/ROB9/ROB9_project/vg10_ws/install/vg_control_interfaces/local/lib/python3.10/dist-packages/vg_control_interfaces/srv/_vacuum_release_s.c
-- Symlinking: /home/wallat/Desktop/ROB9/ROB9_project/vg10_ws/install/vg_control_interfaces/local/lib/python3.10/dist-packages/vg_control_interfaces/srv/_vacuum_set.py
-- Symlinking: /home/wallat/Desktop/ROB9/ROB9_project/vg10_ws/install/vg_control_interfaces/local/lib/python3.10/dist-packages/vg_control_interfaces/srv/_vacuum_set_s.c
-- Symlinking: /home/wallat/Desktop/ROB9/ROB9_project/vg10_ws/install/vg_control_interfaces/local/lib/python3.10/dist-packages/vg_control_interfaces/vg_control_interfaces_s__rosidl_typesupport_c.cpython-310-x86_64-linux-gnu.so
-- Symlinking: /home/wallat/Desktop/ROB9/ROB9_project/vg10_ws/install/vg_control_interfaces/local/lib/python3.10/dist-packages/vg_control_interfaces/vg_control_interfaces_s__rosidl_typesupport_fastrtps_c.cpython-310-x86_64-linux-gnu.so
-- Symlinking: /home/wallat/Desktop/ROB9/ROB9_project/vg10_ws/install/vg_control_interfaces/local/lib/python3.10/dist-packages/vg_control_interfaces/vg_control_interfaces_s__rosidl_typesupport_introspection_c.cpython-310-x86_64-linux-gnu.so
-- Up-to-date symlink: /home/wallat/Desktop/ROB9/ROB9_project/vg10_ws/install/vg_control_interfaces/local/lib/python3.10/dist-packages/vg_control_interfaces/vg_control_interfaces_s__rosidl_typesupport_fastrtps_c.cpython-310-x86_64-linux-gnu.so
-- Up-to-date symlink: /home/wallat/Desktop/ROB9/ROB9_project/vg10_ws/install/vg_control_interfaces/local/lib/python3.10/dist-packages/vg_control_interfaces/vg_control_interfaces_s__rosidl_typesupport_introspection_c.cpython-310-x86_64-linux-gnu.so
-- Up-to-date symlink: /home/wallat/Desktop/ROB9/ROB9_project/vg10_ws/install/vg_control_interfaces/local/lib/python3.10/dist-packages/vg_control_interfaces/vg_control_interfaces_s__rosidl_typesupport_c.cpython-310-x86_64-linux-gnu.so
-- Symlinking: /home/wallat/Desktop/ROB9/ROB9_project/vg10_ws/install/vg_control_interfaces/share/vg_control_interfaces/srv/VacuumSet.idl
-- Symlinking: /home/wallat/Desktop/ROB9/ROB9_project/vg10_ws/install/vg_control_interfaces/share/vg_control_interfaces/srv/VacuumRelease.idl
-- Symlinking: /home/wallat/Desktop/ROB9/ROB9_project/vg10_ws/install/vg_control_interfaces/share/vg_control_interfaces/srv/VacuumSet.srv
-- Symlinking: /home/wallat/Desktop/ROB9/ROB9_project/vg10_ws/install/vg_control_interfaces/share/vg_control_interfaces/srv/VacuumSet_Request.msg
-- Symlinking: /home/wallat/Desktop/ROB9/ROB9_project/vg10_ws/install/vg_control_interfaces/share/vg_control_interfaces/srv/VacuumSet_Response.msg
-- Symlinking: /home/wallat/Desktop/ROB9/ROB9_project/vg10_ws/install/vg_control_interfaces/share/vg_control_interfaces/srv/VacuumRelease.srv
-- Symlinking: /home/wallat/Desktop/ROB9/ROB9_project/vg10_ws/install/vg_control_interfaces/share/vg_control_interfaces/srv/VacuumRelease_Request.msg
-- Symlinking: /home/wallat/Desktop/ROB9/ROB9_project/vg10_ws/install/vg_control_interfaces/share/vg_control_interfaces/srv/VacuumRelease_Response.msg
-- Symlinking: /home/wallat/Desktop/ROB9/ROB9_project/vg10_ws/install/vg_control_interfaces/share/ament_index/resource_index/package_run_dependencies/vg_control_interfaces
-- Symlinking: /home/wallat/Desktop/ROB9/ROB9_project/vg10_ws/install/vg_control_interfaces/share/ament_index/resource_index/parent_prefix_path/vg_control_interfaces
-- Symlinking: /home/wallat/Desktop/ROB9/ROB9_project/vg10_ws/install/vg_control_interfaces/share/vg_control_interfaces/environment/ament_prefix_path.sh
-- Symlinking: /home/wallat/Desktop/ROB9/ROB9_project/vg10_ws/install/vg_control_interfaces/share/vg_control_interfaces/environment/ament_prefix_path.dsv
-- Symlinking: /home/wallat/Desktop/ROB9/ROB9_project/vg10_ws/install/vg_control_interfaces/share/vg_control_interfaces/environment/path.sh
-- Symlinking: /home/wallat/Desktop/ROB9/ROB9_project/vg10_ws/install/vg_control_interfaces/share/vg_control_interfaces/environment/path.dsv
-- Symlinking: /home/wallat/Desktop/ROB9/ROB9_project/vg10_ws/install/vg_control_interfaces/share/vg_control_interfaces/local_setup.bash
-- Symlinking: /home/wallat/Desktop/ROB9/ROB9_project/vg10_ws/install/vg_control_interfaces/share/vg_control_interfaces/local_setup.sh
-- Symlinking: /home/wallat/Desktop/ROB9/ROB9_project/vg10_ws/install/vg_control_interfaces/share/vg_control_interfaces/local_setup.zsh
-- Symlinking: /home/wallat/Desktop/ROB9/ROB9_project/vg10_ws/install/vg_control_interfaces/share/vg_control_interfaces/local_setup.dsv
-- Symlinking: /home/wallat/Desktop/ROB9/ROB9_project/vg10_ws/install/vg_control_interfaces/share/vg_control_interfaces/package.dsv
-- Symlinking: /home/wallat/Desktop/ROB9/ROB9_project/vg10_ws/install/vg_control_interfaces/share/ament_index/resource_index/packages/vg_control_interfaces
-- Symlinking: /home/wallat/Desktop/ROB9/ROB9_project/vg10_ws/install/vg_control_interfaces/share/vg_control_interfaces/cmake/rosidl_cmake-extras.cmake
-- Symlinking: /home/wallat/Desktop/ROB9/ROB9_project/vg10_ws/install/vg_control_interfaces/share/vg_control_interfaces/cmake/ament_cmake_export_include_directories-extras.cmake
-- Symlinking: /home/wallat/Desktop/ROB9/ROB9_project/vg10_ws/install/vg_control_interfaces/share/vg_control_interfaces/cmake/ament_cmake_export_libraries-extras.cmake
-- Symlinking: /home/wallat/Desktop/ROB9/ROB9_project/vg10_ws/install/vg_control_interfaces/share/vg_control_interfaces/cmake/ament_cmake_export_targets-extras.cmake
-- Symlinking: /home/wallat/Desktop/ROB9/ROB9_project/vg10_ws/install/vg_control_interfaces/share/vg_control_interfaces/cmake/rosidl_cmake_export_typesupport_targets-extras.cmake
-- Symlinking: /home/wallat/Desktop/ROB9/ROB9_project/vg10_ws/install/vg_control_interfaces/share/vg_control_interfaces/cmake/ament_cmake_export_dependencies-extras.cmake
-- Symlinking: /home/wallat/Desktop/ROB9/ROB9_project/vg10_ws/install/vg_control_interfaces/share/vg_control_interfaces/cmake/rosidl_cmake_export_typesupport_libraries-extras.cmake
-- Symlinking: /home/wallat/Desktop/ROB9/ROB9_project/vg10_ws/install/vg_control_interfaces/share/vg_control_interfaces/cmake/vg_control_interfacesConfig.cmake
-- Symlinking: /home/wallat/Desktop/ROB9/ROB9_project/vg10_ws/install/vg_control_interfaces/share/vg_control_interfaces/cmake/vg_control_interfacesConfig-version.cmake
-- Symlinking: /home/wallat/Desktop/ROB9/ROB9_project/vg10_ws/install/vg_control_interfaces/share/vg_control_interfaces/package.xml
-- Installing: /home/wallat/Desktop/ROB9/ROB9_project/vg10_ws/install/vg_control_interfaces/lib/libvg_control_interfaces__rosidl_generator_c.so
-- Set runtime path of "/home/wallat/Desktop/ROB9/ROB9_project/vg10_ws/install/vg_control_interfaces/lib/libvg_control_interfaces__rosidl_generator_c.so" to ""
-- Installing: /home/wallat/Desktop/ROB9/ROB9_project/vg10_ws/install/vg_control_interfaces/lib/libvg_control_interfaces__rosidl_typesupport_fastrtps_c.so
-- Set runtime path of "/home/wallat/Desktop/ROB9/ROB9_project/vg10_ws/install/vg_control_interfaces/lib/libvg_control_interfaces__rosidl_typesupport_fastrtps_c.so" to ""
-- Installing: /home/wallat/Desktop/ROB9/ROB9_project/vg10_ws/install/vg_control_interfaces/lib/libvg_control_interfaces__rosidl_typesupport_introspection_c.so
-- Set runtime path of "/home/wallat/Desktop/ROB9/ROB9_project/vg10_ws/install/vg_control_interfaces/lib/libvg_control_interfaces__rosidl_typesupport_introspection_c.so" to ""
-- Installing: /home/wallat/Desktop/ROB9/ROB9_project/vg10_ws/install/vg_control_interfaces/lib/libvg_control_interfaces__rosidl_typesupport_c.so
-- Set runtime path of "/home/wallat/Desktop/ROB9/ROB9_project/vg10_ws/install/vg_control_interfaces/lib/libvg_control_interfaces__rosidl_typesupport_c.so" to ""
-- Installing: /home/wallat/Desktop/ROB9/ROB9_project/vg10_ws/install/vg_control_interfaces/lib/libvg_control_interfaces__rosidl_typesupport_fastrtps_cpp.so
-- Set runtime path of "/home/wallat/Desktop/ROB9/ROB9_project/vg10_ws/install/vg_control_interfaces/lib/libvg_control_interfaces__rosidl_typesupport_fastrtps_cpp.so" to ""
-- Installing: /home/wallat/Desktop/ROB9/ROB9_project/vg10_ws/install/vg_control_interfaces/lib/libvg_control_interfaces__rosidl_typesupport_introspection_cpp.so
-- Set runtime path of "/home/wallat/Desktop/ROB9/ROB9_project/vg10_ws/install/vg_control_interfaces/lib/libvg_control_interfaces__rosidl_typesupport_introspection_cpp.so" to ""
-- Installing: /home/wallat/Desktop/ROB9/ROB9_project/vg10_ws/install/vg_control_interfaces/lib/libvg_control_interfaces__rosidl_typesupport_cpp.so
-- Set runtime path of "/home/wallat/Desktop/ROB9/ROB9_project/vg10_ws/install/vg_control_interfaces/lib/libvg_control_interfaces__rosidl_typesupport_cpp.so" to ""
Listing '/home/wallat/Desktop/ROB9/ROB9_project/vg10_ws/install/vg_control_interfaces/local/lib/python3.10/dist-packages/vg_control_interfaces'...
Compiling '/home/wallat/Desktop/ROB9/ROB9_project/vg10_ws/install/vg_control_interfaces/local/lib/python3.10/dist-packages/vg_control_interfaces/__init__.py'...
Listing '/home/wallat/Desktop/ROB9/ROB9_project/vg10_ws/install/vg_control_interfaces/local/lib/python3.10/dist-packages/vg_control_interfaces/srv'...
Compiling '/home/wallat/Desktop/ROB9/ROB9_project/vg10_ws/install/vg_control_interfaces/local/lib/python3.10/dist-packages/vg_control_interfaces/srv/__init__.py'...
Compiling '/home/wallat/Desktop/ROB9/ROB9_project/vg10_ws/install/vg_control_interfaces/local/lib/python3.10/dist-packages/vg_control_interfaces/srv/_vacuum_release.py'...
Compiling '/home/wallat/Desktop/ROB9/ROB9_project/vg10_ws/install/vg_control_interfaces/local/lib/python3.10/dist-packages/vg_control_interfaces/srv/_vacuum_set.py'...
-- Installing: /home/wallat/Desktop/ROB9/ROB9_project/vg10_ws/install/vg_control_interfaces/lib/libvg_control_interfaces__rosidl_generator_py.so
-- Set runtime path of "/home/wallat/Desktop/ROB9/ROB9_project/vg10_ws/install/vg_control_interfaces/lib/libvg_control_interfaces__rosidl_generator_py.so" to ""
-- Installing: /home/wallat/Desktop/ROB9/ROB9_project/vg10_ws/install/vg_control_interfaces/share/vg_control_interfaces/cmake/export_vg_control_interfaces__rosidl_generator_cExport.cmake
-- Installing: /home/wallat/Desktop/ROB9/ROB9_project/vg10_ws/install/vg_control_interfaces/share/vg_control_interfaces/cmake/export_vg_control_interfaces__rosidl_generator_cExport-noconfig.cmake
-- Installing: /home/wallat/Desktop/ROB9/ROB9_project/vg10_ws/install/vg_control_interfaces/share/vg_control_interfaces/cmake/export_vg_control_interfaces__rosidl_typesupport_fastrtps_cExport.cmake
-- Installing: /home/wallat/Desktop/ROB9/ROB9_project/vg10_ws/install/vg_control_interfaces/share/vg_control_interfaces/cmake/export_vg_control_interfaces__rosidl_typesupport_fastrtps_cExport-noconfig.cmake
-- Installing: /home/wallat/Desktop/ROB9/ROB9_project/vg10_ws/install/vg_control_interfaces/share/vg_control_interfaces/cmake/vg_control_interfaces__rosidl_typesupport_introspection_cExport.cmake
-- Installing: /home/wallat/Desktop/ROB9/ROB9_project/vg10_ws/install/vg_control_interfaces/share/vg_control_interfaces/cmake/vg_control_interfaces__rosidl_typesupport_introspection_cExport-noconfig.cmake
-- Installing: /home/wallat/Desktop/ROB9/ROB9_project/vg10_ws/install/vg_control_interfaces/share/vg_control_interfaces/cmake/vg_control_interfaces__rosidl_typesupport_cExport.cmake
-- Installing: /home/wallat/Desktop/ROB9/ROB9_project/vg10_ws/install/vg_control_interfaces/share/vg_control_interfaces/cmake/vg_control_interfaces__rosidl_typesupport_cExport-noconfig.cmake
-- Installing: /home/wallat/Desktop/ROB9/ROB9_project/vg10_ws/install/vg_control_interfaces/share/vg_control_interfaces/cmake/export_vg_control_interfaces__rosidl_generator_cppExport.cmake
-- Installing: /home/wallat/Desktop/ROB9/ROB9_project/vg10_ws/install/vg_control_interfaces/share/vg_control_interfaces/cmake/export_vg_control_interfaces__rosidl_typesupport_fastrtps_cppExport.cmake
-- Installing: /home/wallat/Desktop/ROB9/ROB9_project/vg10_ws/install/vg_control_interfaces/share/vg_control_interfaces/cmake/export_vg_control_interfaces__rosidl_typesupport_fastrtps_cppExport-noconfig.cmake
-- Installing: /home/wallat/Desktop/ROB9/ROB9_project/vg10_ws/install/vg_control_interfaces/share/vg_control_interfaces/cmake/vg_control_interfaces__rosidl_typesupport_introspection_cppExport.cmake
-- Installing: /home/wallat/Desktop/ROB9/ROB9_project/vg10_ws/install/vg_control_interfaces/share/vg_control_interfaces/cmake/vg_control_interfaces__rosidl_typesupport_introspection_cppExport-noconfig.cmake
-- Installing: /home/wallat/Desktop/ROB9/ROB9_project/vg10_ws/install/vg_control_interfaces/share/vg_control_interfaces/cmake/vg_control_interfaces__rosidl_typesupport_cppExport.cmake
-- Installing: /home/wallat/Desktop/ROB9/ROB9_project/vg10_ws/install/vg_control_interfaces/share/vg_control_interfaces/cmake/vg_control_interfaces__rosidl_typesupport_cppExport-noconfig.cmake
-- Installing: /home/wallat/Desktop/ROB9/ROB9_project/vg10_ws/install/vg_control_interfaces/share/vg_control_interfaces/cmake/export_vg_control_interfaces__rosidl_generator_pyExport.cmake
-- Installing: /home/wallat/Desktop/ROB9/ROB9_project/vg10_ws/install/vg_control_interfaces/share/vg_control_interfaces/cmake/export_vg_control_interfaces__rosidl_generator_pyExport-noconfig.cmake
