[0.012s] Invoking command in '/home/wallat/Desktop/ROB9/ROB9_project/vg10_ws/build/vg_control_interfaces': CMAKE_PREFIX_PATH=/opt/ros/humble /usr/bin/cmake /home/wallat/Desktop/ROB9/ROB9_project/vg10_ws/src/vg_control_interfaces -DAMENT_CMAKE_SYMLINK_INSTALL=1 -DCMAKE_INSTALL_PREFIX=/home/wallat/Desktop/ROB9/ROB9_project/vg10_ws/install/vg_control_interfaces
[0.117s] -- The C compiler identification is GNU 11.4.0
[0.187s] -- The CXX compiler identification is GNU 11.4.0
[0.196s] -- Detecting C compiler ABI info
[0.254s] -- Detecting C compiler ABI info - done
[0.259s] -- Check for working C compiler: /usr/bin/cc - skipped
[0.259s] -- Detecting C compile features
[0.260s] -- Detecting C compile features - done
[0.263s] -- Detecting CXX compiler ABI info
[0.328s] -- Detecting CXX compiler ABI info - done
[0.333s] -- Check for working CXX compiler: /usr/bin/c++ - skipped
[0.334s] -- Detecting CXX compile features
[0.334s] -- Detecting CXX compile features - done
[0.339s] -- Found ament_cmake: 1.3.11 (/opt/ros/humble/share/ament_cmake/cmake)
[0.458s] -- Found Python3: /usr/bin/python3 (found version "3.10.12") found components: Interpreter 
[0.514s] -- Override CMake install command with custom implementation using symlinks instead of copying resources
[0.555s] -- Found ament_lint_auto: 0.12.12 (/opt/ros/humble/share/ament_lint_auto/cmake)
[0.622s] -- Found rosidl_default_generators: 1.2.0 (/opt/ros/humble/share/rosidl_default_generators/cmake)
[0.627s] -- Using all available rosidl_typesupport_c: rosidl_typesupport_fastrtps_c;rosidl_typesupport_introspection_c
[0.635s] -- Found rosidl_adapter: 3.1.6 (/opt/ros/humble/share/rosidl_adapter/cmake)
[0.685s] -- Using all available rosidl_typesupport_cpp: rosidl_typesupport_fastrtps_cpp;rosidl_typesupport_introspection_cpp
[0.874s] -- Found ament_cmake_ros: 0.10.0 (/opt/ros/humble/share/ament_cmake_ros/cmake)
[1.023s] -- Using all available rosidl_typesupport_c: rosidl_typesupport_fastrtps_c;rosidl_typesupport_introspection_c
[1.203s] -- Using all available rosidl_typesupport_cpp: rosidl_typesupport_fastrtps_cpp;rosidl_typesupport_introspection_cpp
[1.221s] -- Found PythonInterp: /usr/bin/python3 (found suitable version "3.10.12", minimum required is "3.6") 
[1.224s] -- Found python_cmake_module: 0.10.0 (/opt/ros/humble/share/python_cmake_module/cmake)
[1.246s] -- Found PythonLibs: /usr/lib/x86_64-linux-gnu/libpython3.10.so (found suitable version "3.10.12", minimum required is "3.5") 
[1.246s] -- Using PYTHON_EXECUTABLE: /usr/bin/python3
[1.246s] -- Using PYTHON_INCLUDE_DIRS: /usr/include/python3.10
[1.246s] -- Using PYTHON_LIBRARIES: /usr/lib/x86_64-linux-gnu/libpython3.10.so
[1.263s] -- Found PythonExtra: .so  
[1.295s] -- Added test 'lint_cmake' to check CMake code style
[1.296s] -- Added test 'xmllint' to check XML markup files
[1.305s] -- Configuring done
[1.331s] -- Generating done
[1.339s] -- Build files have been written to: /home/wallat/Desktop/ROB9/ROB9_project/vg10_ws/build/vg_control_interfaces
[1.346s] Invoked command in '/home/wallat/Desktop/ROB9/ROB9_project/vg10_ws/build/vg_control_interfaces' returned '0': CMAKE_PREFIX_PATH=/opt/ros/humble /usr/bin/cmake /home/wallat/Desktop/ROB9/ROB9_project/vg10_ws/src/vg_control_interfaces -DAMENT_CMAKE_SYMLINK_INSTALL=1 -DCMAKE_INSTALL_PREFIX=/home/wallat/Desktop/ROB9/ROB9_project/vg10_ws/install/vg_control_interfaces
[1.347s] Invoking command in '/home/wallat/Desktop/ROB9/ROB9_project/vg10_ws/build/vg_control_interfaces': CMAKE_PREFIX_PATH=/opt/ros/humble /usr/bin/cmake --build /home/wallat/Desktop/ROB9/ROB9_project/vg10_ws/build/vg_control_interfaces -- -j16 -l16
[1.383s] [  2%] [34m[1mGenerating C code for ROS interfaces[0m
[1.392s] [  5%] [34m[1mGenerating C++ code for ROS interfaces[0m
[1.398s] [  5%] Built target ament_cmake_python_symlink_vg_control_interfaces
[1.617s] running egg_info
[1.617s] creating vg_control_interfaces.egg-info
[1.617s] writing vg_control_interfaces.egg-info/PKG-INFO
[1.617s] writing dependency_links to vg_control_interfaces.egg-info/dependency_links.txt
[1.618s] writing top-level names to vg_control_interfaces.egg-info/top_level.txt
[1.618s] writing manifest file 'vg_control_interfaces.egg-info/SOURCES.txt'
[1.619s] reading manifest file 'vg_control_interfaces.egg-info/SOURCES.txt'
[1.620s] writing manifest file 'vg_control_interfaces.egg-info/SOURCES.txt'
[1.644s] [  5%] Built target ament_cmake_python_build_vg_control_interfaces_egg
[1.703s] [  5%] Built target vg_control_interfaces__cpp
[1.705s] [ 10%] [32mBuilding C object CMakeFiles/vg_control_interfaces__rosidl_generator_c.dir/rosidl_generator_c/vg_control_interfaces/srv/detail/vacuum_set__functions.c.o[0m
[1.705s] [ 10%] [32mBuilding C object CMakeFiles/vg_control_interfaces__rosidl_generator_c.dir/rosidl_generator_c/vg_control_interfaces/srv/detail/vacuum_release__functions.c.o[0m
[1.712s] [ 17%] [34m[1mGenerating C++ type support dispatch for ROS interfaces[0m
[1.712s] [ 17%] [34m[1mGenerating C++ type support for eProsima Fast-RTPS[0m
[1.712s] [ 17%] [34m[1mGenerating C++ introspection for ROS interfaces[0m
[1.769s] [ 20%] [32m[1mLinking C shared library libvg_control_interfaces__rosidl_generator_c.so[0m
[1.803s] [ 20%] Built target vg_control_interfaces__rosidl_generator_c
[1.812s] [ 25%] [34m[1mGenerating C type support for eProsima Fast-RTPS[0m
[1.812s] [ 25%] [34m[1mGenerating C type support dispatch for ROS interfaces[0m
[1.812s] [ 28%] [34m[1mGenerating C introspection for ROS interfaces[0m
[1.979s] [ 30%] [32mBuilding CXX object CMakeFiles/vg_control_interfaces__rosidl_typesupport_cpp.dir/rosidl_typesupport_cpp/vg_control_interfaces/srv/vacuum_release__type_support.cpp.o[0m
[1.979s] [ 33%] [32mBuilding CXX object CMakeFiles/vg_control_interfaces__rosidl_typesupport_cpp.dir/rosidl_typesupport_cpp/vg_control_interfaces/srv/vacuum_set__type_support.cpp.o[0m
[2.002s] [ 35%] [32mBuilding CXX object CMakeFiles/vg_control_interfaces__rosidl_typesupport_introspection_cpp.dir/rosidl_typesupport_introspection_cpp/vg_control_interfaces/srv/detail/vacuum_release__type_support.cpp.o[0m
[2.002s] [ 38%] [32mBuilding CXX object CMakeFiles/vg_control_interfaces__rosidl_typesupport_introspection_cpp.dir/rosidl_typesupport_introspection_cpp/vg_control_interfaces/srv/detail/vacuum_set__type_support.cpp.o[0m
[2.025s] [ 43%] [32mBuilding CXX object CMakeFiles/vg_control_interfaces__rosidl_typesupport_fastrtps_cpp.dir/rosidl_typesupport_fastrtps_cpp/vg_control_interfaces/srv/detail/dds_fastrtps/vacuum_set__type_support.cpp.o[0m
[2.025s] [ 43%] [32mBuilding CXX object CMakeFiles/vg_control_interfaces__rosidl_typesupport_fastrtps_cpp.dir/rosidl_typesupport_fastrtps_cpp/vg_control_interfaces/srv/detail/dds_fastrtps/vacuum_release__type_support.cpp.o[0m
[2.088s] [ 46%] [32mBuilding CXX object CMakeFiles/vg_control_interfaces__rosidl_typesupport_c.dir/rosidl_typesupport_c/vg_control_interfaces/srv/vacuum_set__type_support.cpp.o[0m
[2.090s] [ 48%] [32mBuilding CXX object CMakeFiles/vg_control_interfaces__rosidl_typesupport_c.dir/rosidl_typesupport_c/vg_control_interfaces/srv/vacuum_release__type_support.cpp.o[0m
[2.125s] [ 53%] [32mBuilding C object CMakeFiles/vg_control_interfaces__rosidl_typesupport_introspection_c.dir/rosidl_typesupport_introspection_c/vg_control_interfaces/srv/detail/vacuum_set__type_support.c.o[0m
[2.125s] [ 53%] [32mBuilding C object CMakeFiles/vg_control_interfaces__rosidl_typesupport_introspection_c.dir/rosidl_typesupport_introspection_c/vg_control_interfaces/srv/detail/vacuum_release__type_support.c.o[0m
[2.128s] [ 56%] [32m[1mLinking CXX shared library libvg_control_interfaces__rosidl_typesupport_c.so[0m
[2.148s] [ 61%] [32mBuilding CXX object CMakeFiles/vg_control_interfaces__rosidl_typesupport_fastrtps_c.dir/rosidl_typesupport_fastrtps_c/vg_control_interfaces/srv/detail/vacuum_release__type_support_c.cpp.o[0m
[2.148s] [ 61%] [32mBuilding CXX object CMakeFiles/vg_control_interfaces__rosidl_typesupport_fastrtps_c.dir/rosidl_typesupport_fastrtps_c/vg_control_interfaces/srv/detail/vacuum_set__type_support_c.cpp.o[0m
[2.178s] [ 64%] [32m[1mLinking C shared library libvg_control_interfaces__rosidl_typesupport_introspection_c.so[0m
[2.185s] [ 64%] Built target vg_control_interfaces__rosidl_typesupport_c
[2.223s] [ 64%] Built target vg_control_interfaces__rosidl_typesupport_introspection_c
[2.284s] [ 66%] [32m[1mLinking CXX shared library libvg_control_interfaces__rosidl_typesupport_cpp.so[0m
[2.327s] [ 66%] Built target vg_control_interfaces__rosidl_typesupport_cpp
[2.380s] [ 69%] [32m[1mLinking CXX shared library libvg_control_interfaces__rosidl_typesupport_introspection_cpp.so[0m
[2.443s] [ 71%] [32m[1mLinking CXX shared library libvg_control_interfaces__rosidl_typesupport_fastrtps_cpp.so[0m
[2.443s] [ 71%] Built target vg_control_interfaces__rosidl_typesupport_introspection_cpp
[2.484s] [ 74%] [32m[1mLinking CXX shared library libvg_control_interfaces__rosidl_typesupport_fastrtps_c.so[0m
[2.510s] [ 74%] Built target vg_control_interfaces__rosidl_typesupport_fastrtps_cpp
[2.546s] [ 74%] Built target vg_control_interfaces__rosidl_typesupport_fastrtps_c
[2.564s] [ 74%] Built target vg_control_interfaces
[2.580s] [ 76%] [34m[1mGenerating Python code for ROS interfaces[0m
[3.028s] [ 76%] Built target vg_control_interfaces__py
[3.046s] [ 82%] [32mBuilding C object CMakeFiles/vg_control_interfaces__rosidl_generator_py.dir/rosidl_generator_py/vg_control_interfaces/srv/_vacuum_set_s.c.o[0m
[3.046s] [ 82%] [32mBuilding C object CMakeFiles/vg_control_interfaces__rosidl_generator_py.dir/rosidl_generator_py/vg_control_interfaces/srv/_vacuum_release_s.c.o[0m
[3.151s] [ 84%] [32m[1mLinking C shared library rosidl_generator_py/vg_control_interfaces/libvg_control_interfaces__rosidl_generator_py.so[0m
[3.184s] [ 84%] Built target vg_control_interfaces__rosidl_generator_py
[3.201s] [ 89%] [32mBuilding C object CMakeFiles/vg_control_interfaces__rosidl_typesupport_fastrtps_c__pyext.dir/rosidl_generator_py/vg_control_interfaces/_vg_control_interfaces_s.ep.rosidl_typesupport_fastrtps_c.c.o[0m
[3.201s] [ 89%] [32mBuilding C object CMakeFiles/vg_control_interfaces__rosidl_typesupport_c__pyext.dir/rosidl_generator_py/vg_control_interfaces/_vg_control_interfaces_s.ep.rosidl_typesupport_c.c.o[0m
[3.201s] [ 92%] [32mBuilding C object CMakeFiles/vg_control_interfaces__rosidl_typesupport_introspection_c__pyext.dir/rosidl_generator_py/vg_control_interfaces/_vg_control_interfaces_s.ep.rosidl_typesupport_introspection_c.c.o[0m
[3.280s] [ 94%] [32m[1mLinking C shared library rosidl_generator_py/vg_control_interfaces/vg_control_interfaces_s__rosidl_typesupport_c.cpython-310-x86_64-linux-gnu.so[0m
[3.281s] [ 97%] [32m[1mLinking C shared library rosidl_generator_py/vg_control_interfaces/vg_control_interfaces_s__rosidl_typesupport_introspection_c.cpython-310-x86_64-linux-gnu.so[0m
[3.284s] [100%] [32m[1mLinking C shared library rosidl_generator_py/vg_control_interfaces/vg_control_interfaces_s__rosidl_typesupport_fastrtps_c.cpython-310-x86_64-linux-gnu.so[0m
[3.310s] [100%] Built target vg_control_interfaces__rosidl_typesupport_c__pyext
[3.310s] [100%] Built target vg_control_interfaces__rosidl_typesupport_introspection_c__pyext
[3.313s] [100%] Built target vg_control_interfaces__rosidl_typesupport_fastrtps_c__pyext
[3.324s] Invoked command in '/home/wallat/Desktop/ROB9/ROB9_project/vg10_ws/build/vg_control_interfaces' returned '0': CMAKE_PREFIX_PATH=/opt/ros/humble /usr/bin/cmake --build /home/wallat/Desktop/ROB9/ROB9_project/vg10_ws/build/vg_control_interfaces -- -j16 -l16
[3.334s] Invoking command in '/home/wallat/Desktop/ROB9/ROB9_project/vg10_ws/build/vg_control_interfaces': CMAKE_PREFIX_PATH=/opt/ros/humble /usr/bin/cmake --install /home/wallat/Desktop/ROB9/ROB9_project/vg10_ws/build/vg_control_interfaces
[3.340s] -- Install configuration: ""
[3.341s] -- Execute custom install script
[3.341s] -- Symlinking: /home/wallat/Desktop/ROB9/ROB9_project/vg10_ws/install/vg_control_interfaces/share/ament_index/resource_index/rosidl_interfaces/vg_control_interfaces
[3.349s] -- Symlinking: /home/wallat/Desktop/ROB9/ROB9_project/vg10_ws/install/vg_control_interfaces/include/vg_control_interfaces/vg_control_interfaces/msg/rosidl_generator_c__visibility_control.h
[3.356s] -- Symlinking: /home/wallat/Desktop/ROB9/ROB9_project/vg10_ws/install/vg_control_interfaces/include/vg_control_interfaces/vg_control_interfaces/srv/detail/vacuum_release__functions.h
[3.363s] -- Symlinking: /home/wallat/Desktop/ROB9/ROB9_project/vg10_ws/install/vg_control_interfaces/include/vg_control_interfaces/vg_control_interfaces/srv/detail/vacuum_release__struct.h
[3.371s] -- Symlinking: /home/wallat/Desktop/ROB9/ROB9_project/vg10_ws/install/vg_control_interfaces/include/vg_control_interfaces/vg_control_interfaces/srv/detail/vacuum_release__type_support.h
[3.379s] -- Symlinking: /home/wallat/Desktop/ROB9/ROB9_project/vg10_ws/install/vg_control_interfaces/include/vg_control_interfaces/vg_control_interfaces/srv/detail/vacuum_set__functions.h
[3.386s] -- Symlinking: /home/wallat/Desktop/ROB9/ROB9_project/vg10_ws/install/vg_control_interfaces/include/vg_control_interfaces/vg_control_interfaces/srv/detail/vacuum_set__struct.h
[3.394s] -- Symlinking: /home/wallat/Desktop/ROB9/ROB9_project/vg10_ws/install/vg_control_interfaces/include/vg_control_interfaces/vg_control_interfaces/srv/detail/vacuum_set__type_support.h
[3.401s] -- Symlinking: /home/wallat/Desktop/ROB9/ROB9_project/vg10_ws/install/vg_control_interfaces/include/vg_control_interfaces/vg_control_interfaces/srv/vacuum_release.h
[3.408s] -- Symlinking: /home/wallat/Desktop/ROB9/ROB9_project/vg10_ws/install/vg_control_interfaces/include/vg_control_interfaces/vg_control_interfaces/srv/vacuum_set.h
[3.415s] -- Symlinking: /home/wallat/Desktop/ROB9/ROB9_project/vg10_ws/install/vg_control_interfaces/share/vg_control_interfaces/environment/library_path.sh
[3.423s] -- Symlinking: /home/wallat/Desktop/ROB9/ROB9_project/vg10_ws/install/vg_control_interfaces/share/vg_control_interfaces/environment/library_path.dsv
[3.431s] -- Symlinking: /home/wallat/Desktop/ROB9/ROB9_project/vg10_ws/install/vg_control_interfaces/include/vg_control_interfaces/vg_control_interfaces/msg/rosidl_typesupport_fastrtps_c__visibility_control.h
[3.440s] -- Symlinking: /home/wallat/Desktop/ROB9/ROB9_project/vg10_ws/install/vg_control_interfaces/include/vg_control_interfaces/vg_control_interfaces/srv/detail/vacuum_release__rosidl_typesupport_fastrtps_c.h
[3.449s] -- Symlinking: /home/wallat/Desktop/ROB9/ROB9_project/vg10_ws/install/vg_control_interfaces/include/vg_control_interfaces/vg_control_interfaces/srv/detail/vacuum_set__rosidl_typesupport_fastrtps_c.h
[3.458s] -- Symlinking: /home/wallat/Desktop/ROB9/ROB9_project/vg10_ws/install/vg_control_interfaces/include/vg_control_interfaces/vg_control_interfaces/msg/rosidl_typesupport_introspection_c__visibility_control.h
[3.466s] -- Symlinking: /home/wallat/Desktop/ROB9/ROB9_project/vg10_ws/install/vg_control_interfaces/include/vg_control_interfaces/vg_control_interfaces/srv/detail/vacuum_release__rosidl_typesupport_introspection_c.h
[3.475s] -- Symlinking: /home/wallat/Desktop/ROB9/ROB9_project/vg10_ws/install/vg_control_interfaces/include/vg_control_interfaces/vg_control_interfaces/srv/detail/vacuum_set__rosidl_typesupport_introspection_c.h
[3.483s] -- Symlinking: /home/wallat/Desktop/ROB9/ROB9_project/vg10_ws/install/vg_control_interfaces/include/vg_control_interfaces/vg_control_interfaces/msg/rosidl_generator_cpp__visibility_control.hpp
[3.491s] -- Symlinking: /home/wallat/Desktop/ROB9/ROB9_project/vg10_ws/install/vg_control_interfaces/include/vg_control_interfaces/vg_control_interfaces/srv/detail/vacuum_release__builder.hpp
[3.498s] -- Symlinking: /home/wallat/Desktop/ROB9/ROB9_project/vg10_ws/install/vg_control_interfaces/include/vg_control_interfaces/vg_control_interfaces/srv/detail/vacuum_release__struct.hpp
[3.505s] -- Symlinking: /home/wallat/Desktop/ROB9/ROB9_project/vg10_ws/install/vg_control_interfaces/include/vg_control_interfaces/vg_control_interfaces/srv/detail/vacuum_release__traits.hpp
[3.511s] -- Symlinking: /home/wallat/Desktop/ROB9/ROB9_project/vg10_ws/install/vg_control_interfaces/include/vg_control_interfaces/vg_control_interfaces/srv/detail/vacuum_release__type_support.hpp
[3.519s] -- Symlinking: /home/wallat/Desktop/ROB9/ROB9_project/vg10_ws/install/vg_control_interfaces/include/vg_control_interfaces/vg_control_interfaces/srv/detail/vacuum_set__builder.hpp
[3.527s] -- Symlinking: /home/wallat/Desktop/ROB9/ROB9_project/vg10_ws/install/vg_control_interfaces/include/vg_control_interfaces/vg_control_interfaces/srv/detail/vacuum_set__struct.hpp
[3.535s] -- Symlinking: /home/wallat/Desktop/ROB9/ROB9_project/vg10_ws/install/vg_control_interfaces/include/vg_control_interfaces/vg_control_interfaces/srv/detail/vacuum_set__traits.hpp
[3.542s] -- Symlinking: /home/wallat/Desktop/ROB9/ROB9_project/vg10_ws/install/vg_control_interfaces/include/vg_control_interfaces/vg_control_interfaces/srv/detail/vacuum_set__type_support.hpp
[3.549s] -- Symlinking: /home/wallat/Desktop/ROB9/ROB9_project/vg10_ws/install/vg_control_interfaces/include/vg_control_interfaces/vg_control_interfaces/srv/vacuum_release.hpp
[3.556s] -- Symlinking: /home/wallat/Desktop/ROB9/ROB9_project/vg10_ws/install/vg_control_interfaces/include/vg_control_interfaces/vg_control_interfaces/srv/vacuum_set.hpp
[3.563s] -- Symlinking: /home/wallat/Desktop/ROB9/ROB9_project/vg10_ws/install/vg_control_interfaces/include/vg_control_interfaces/vg_control_interfaces/msg/rosidl_typesupport_fastrtps_cpp__visibility_control.h
[3.570s] -- Symlinking: /home/wallat/Desktop/ROB9/ROB9_project/vg10_ws/install/vg_control_interfaces/include/vg_control_interfaces/vg_control_interfaces/srv/detail/vacuum_release__rosidl_typesupport_fastrtps_cpp.hpp
[3.578s] -- Symlinking: /home/wallat/Desktop/ROB9/ROB9_project/vg10_ws/install/vg_control_interfaces/include/vg_control_interfaces/vg_control_interfaces/srv/detail/vacuum_set__rosidl_typesupport_fastrtps_cpp.hpp
[3.586s] -- Symlinking: /home/wallat/Desktop/ROB9/ROB9_project/vg10_ws/install/vg_control_interfaces/include/vg_control_interfaces/vg_control_interfaces/srv/detail/vacuum_release__rosidl_typesupport_introspection_cpp.hpp
[3.593s] -- Symlinking: /home/wallat/Desktop/ROB9/ROB9_project/vg10_ws/install/vg_control_interfaces/include/vg_control_interfaces/vg_control_interfaces/srv/detail/vacuum_set__rosidl_typesupport_introspection_cpp.hpp
[3.600s] -- Symlinking: /home/wallat/Desktop/ROB9/ROB9_project/vg10_ws/install/vg_control_interfaces/share/vg_control_interfaces/environment/pythonpath.sh
[3.607s] -- Symlinking: /home/wallat/Desktop/ROB9/ROB9_project/vg10_ws/install/vg_control_interfaces/share/vg_control_interfaces/environment/pythonpath.dsv
[3.615s] -- Symlinking: /home/wallat/Desktop/ROB9/ROB9_project/vg10_ws/install/vg_control_interfaces/local/lib/python3.10/dist-packages/vg_control_interfaces-0.0.0-py3.10.egg-info/PKG-INFO
[3.623s] -- Symlinking: /home/wallat/Desktop/ROB9/ROB9_project/vg10_ws/install/vg_control_interfaces/local/lib/python3.10/dist-packages/vg_control_interfaces-0.0.0-py3.10.egg-info/SOURCES.txt
[3.631s] -- Symlinking: /home/wallat/Desktop/ROB9/ROB9_project/vg10_ws/install/vg_control_interfaces/local/lib/python3.10/dist-packages/vg_control_interfaces-0.0.0-py3.10.egg-info/dependency_links.txt
[3.639s] -- Symlinking: /home/wallat/Desktop/ROB9/ROB9_project/vg10_ws/install/vg_control_interfaces/local/lib/python3.10/dist-packages/vg_control_interfaces-0.0.0-py3.10.egg-info/top_level.txt
[3.647s] -- Symlinking: /home/wallat/Desktop/ROB9/ROB9_project/vg10_ws/install/vg_control_interfaces/local/lib/python3.10/dist-packages/vg_control_interfaces/__init__.py
[3.654s] -- Symlinking: /home/wallat/Desktop/ROB9/ROB9_project/vg10_ws/install/vg_control_interfaces/local/lib/python3.10/dist-packages/vg_control_interfaces/_vg_control_interfaces_s.ep.rosidl_typesupport_c.c
[3.661s] -- Symlinking: /home/wallat/Desktop/ROB9/ROB9_project/vg10_ws/install/vg_control_interfaces/local/lib/python3.10/dist-packages/vg_control_interfaces/_vg_control_interfaces_s.ep.rosidl_typesupport_fastrtps_c.c
[3.668s] -- Symlinking: /home/wallat/Desktop/ROB9/ROB9_project/vg10_ws/install/vg_control_interfaces/local/lib/python3.10/dist-packages/vg_control_interfaces/_vg_control_interfaces_s.ep.rosidl_typesupport_introspection_c.c
[3.676s] -- Symlinking: /home/wallat/Desktop/ROB9/ROB9_project/vg10_ws/install/vg_control_interfaces/local/lib/python3.10/dist-packages/vg_control_interfaces/libvg_control_interfaces__rosidl_generator_py.so
[3.684s] -- Symlinking: /home/wallat/Desktop/ROB9/ROB9_project/vg10_ws/install/vg_control_interfaces/local/lib/python3.10/dist-packages/vg_control_interfaces/srv/__init__.py
[3.691s] -- Symlinking: /home/wallat/Desktop/ROB9/ROB9_project/vg10_ws/install/vg_control_interfaces/local/lib/python3.10/dist-packages/vg_control_interfaces/srv/_vacuum_release.py
[3.699s] -- Symlinking: /home/wallat/Desktop/ROB9/ROB9_project/vg10_ws/install/vg_control_interfaces/local/lib/python3.10/dist-packages/vg_control_interfaces/srv/_vacuum_release_s.c
[3.707s] -- Symlinking: /home/wallat/Desktop/ROB9/ROB9_project/vg10_ws/install/vg_control_interfaces/local/lib/python3.10/dist-packages/vg_control_interfaces/srv/_vacuum_set.py
[3.715s] -- Symlinking: /home/wallat/Desktop/ROB9/ROB9_project/vg10_ws/install/vg_control_interfaces/local/lib/python3.10/dist-packages/vg_control_interfaces/srv/_vacuum_set_s.c
[3.723s] -- Symlinking: /home/wallat/Desktop/ROB9/ROB9_project/vg10_ws/install/vg_control_interfaces/local/lib/python3.10/dist-packages/vg_control_interfaces/vg_control_interfaces_s__rosidl_typesupport_c.cpython-310-x86_64-linux-gnu.so
[3.731s] -- Symlinking: /home/wallat/Desktop/ROB9/ROB9_project/vg10_ws/install/vg_control_interfaces/local/lib/python3.10/dist-packages/vg_control_interfaces/vg_control_interfaces_s__rosidl_typesupport_fastrtps_c.cpython-310-x86_64-linux-gnu.so
[3.739s] -- Symlinking: /home/wallat/Desktop/ROB9/ROB9_project/vg10_ws/install/vg_control_interfaces/local/lib/python3.10/dist-packages/vg_control_interfaces/vg_control_interfaces_s__rosidl_typesupport_introspection_c.cpython-310-x86_64-linux-gnu.so
[3.748s] -- Up-to-date symlink: /home/wallat/Desktop/ROB9/ROB9_project/vg10_ws/install/vg_control_interfaces/local/lib/python3.10/dist-packages/vg_control_interfaces/vg_control_interfaces_s__rosidl_typesupport_fastrtps_c.cpython-310-x86_64-linux-gnu.so
[3.748s] -- Up-to-date symlink: /home/wallat/Desktop/ROB9/ROB9_project/vg10_ws/install/vg_control_interfaces/local/lib/python3.10/dist-packages/vg_control_interfaces/vg_control_interfaces_s__rosidl_typesupport_introspection_c.cpython-310-x86_64-linux-gnu.so
[3.748s] -- Up-to-date symlink: /home/wallat/Desktop/ROB9/ROB9_project/vg10_ws/install/vg_control_interfaces/local/lib/python3.10/dist-packages/vg_control_interfaces/vg_control_interfaces_s__rosidl_typesupport_c.cpython-310-x86_64-linux-gnu.so
[3.748s] -- Symlinking: /home/wallat/Desktop/ROB9/ROB9_project/vg10_ws/install/vg_control_interfaces/share/vg_control_interfaces/srv/VacuumSet.idl
[3.756s] -- Symlinking: /home/wallat/Desktop/ROB9/ROB9_project/vg10_ws/install/vg_control_interfaces/share/vg_control_interfaces/srv/VacuumRelease.idl
[3.764s] -- Symlinking: /home/wallat/Desktop/ROB9/ROB9_project/vg10_ws/install/vg_control_interfaces/share/vg_control_interfaces/srv/VacuumSet.srv
[3.771s] -- Symlinking: /home/wallat/Desktop/ROB9/ROB9_project/vg10_ws/install/vg_control_interfaces/share/vg_control_interfaces/srv/VacuumSet_Request.msg
[3.779s] -- Symlinking: /home/wallat/Desktop/ROB9/ROB9_project/vg10_ws/install/vg_control_interfaces/share/vg_control_interfaces/srv/VacuumSet_Response.msg
[3.787s] -- Symlinking: /home/wallat/Desktop/ROB9/ROB9_project/vg10_ws/install/vg_control_interfaces/share/vg_control_interfaces/srv/VacuumRelease.srv
[3.795s] -- Symlinking: /home/wallat/Desktop/ROB9/ROB9_project/vg10_ws/install/vg_control_interfaces/share/vg_control_interfaces/srv/VacuumRelease_Request.msg
[3.802s] -- Symlinking: /home/wallat/Desktop/ROB9/ROB9_project/vg10_ws/install/vg_control_interfaces/share/vg_control_interfaces/srv/VacuumRelease_Response.msg
[3.809s] -- Symlinking: /home/wallat/Desktop/ROB9/ROB9_project/vg10_ws/install/vg_control_interfaces/share/ament_index/resource_index/package_run_dependencies/vg_control_interfaces
[3.817s] -- Symlinking: /home/wallat/Desktop/ROB9/ROB9_project/vg10_ws/install/vg_control_interfaces/share/ament_index/resource_index/parent_prefix_path/vg_control_interfaces
[3.824s] -- Symlinking: /home/wallat/Desktop/ROB9/ROB9_project/vg10_ws/install/vg_control_interfaces/share/vg_control_interfaces/environment/ament_prefix_path.sh
[3.833s] -- Symlinking: /home/wallat/Desktop/ROB9/ROB9_project/vg10_ws/install/vg_control_interfaces/share/vg_control_interfaces/environment/ament_prefix_path.dsv
[3.840s] -- Symlinking: /home/wallat/Desktop/ROB9/ROB9_project/vg10_ws/install/vg_control_interfaces/share/vg_control_interfaces/environment/path.sh
[3.848s] -- Symlinking: /home/wallat/Desktop/ROB9/ROB9_project/vg10_ws/install/vg_control_interfaces/share/vg_control_interfaces/environment/path.dsv
[3.855s] -- Symlinking: /home/wallat/Desktop/ROB9/ROB9_project/vg10_ws/install/vg_control_interfaces/share/vg_control_interfaces/local_setup.bash
[3.862s] -- Symlinking: /home/wallat/Desktop/ROB9/ROB9_project/vg10_ws/install/vg_control_interfaces/share/vg_control_interfaces/local_setup.sh
[3.870s] -- Symlinking: /home/wallat/Desktop/ROB9/ROB9_project/vg10_ws/install/vg_control_interfaces/share/vg_control_interfaces/local_setup.zsh
[3.878s] -- Symlinking: /home/wallat/Desktop/ROB9/ROB9_project/vg10_ws/install/vg_control_interfaces/share/vg_control_interfaces/local_setup.dsv
[3.886s] -- Symlinking: /home/wallat/Desktop/ROB9/ROB9_project/vg10_ws/install/vg_control_interfaces/share/vg_control_interfaces/package.dsv
[3.894s] -- Symlinking: /home/wallat/Desktop/ROB9/ROB9_project/vg10_ws/install/vg_control_interfaces/share/ament_index/resource_index/packages/vg_control_interfaces
[3.903s] -- Symlinking: /home/wallat/Desktop/ROB9/ROB9_project/vg10_ws/install/vg_control_interfaces/share/vg_control_interfaces/cmake/rosidl_cmake-extras.cmake
[3.911s] -- Symlinking: /home/wallat/Desktop/ROB9/ROB9_project/vg10_ws/install/vg_control_interfaces/share/vg_control_interfaces/cmake/ament_cmake_export_include_directories-extras.cmake
[3.919s] -- Symlinking: /home/wallat/Desktop/ROB9/ROB9_project/vg10_ws/install/vg_control_interfaces/share/vg_control_interfaces/cmake/ament_cmake_export_libraries-extras.cmake
[3.928s] -- Symlinking: /home/wallat/Desktop/ROB9/ROB9_project/vg10_ws/install/vg_control_interfaces/share/vg_control_interfaces/cmake/ament_cmake_export_targets-extras.cmake
[3.936s] -- Symlinking: /home/wallat/Desktop/ROB9/ROB9_project/vg10_ws/install/vg_control_interfaces/share/vg_control_interfaces/cmake/rosidl_cmake_export_typesupport_targets-extras.cmake
[3.944s] -- Symlinking: /home/wallat/Desktop/ROB9/ROB9_project/vg10_ws/install/vg_control_interfaces/share/vg_control_interfaces/cmake/ament_cmake_export_dependencies-extras.cmake
[3.951s] -- Symlinking: /home/wallat/Desktop/ROB9/ROB9_project/vg10_ws/install/vg_control_interfaces/share/vg_control_interfaces/cmake/rosidl_cmake_export_typesupport_libraries-extras.cmake
[3.958s] -- Symlinking: /home/wallat/Desktop/ROB9/ROB9_project/vg10_ws/install/vg_control_interfaces/share/vg_control_interfaces/cmake/vg_control_interfacesConfig.cmake
[3.966s] -- Symlinking: /home/wallat/Desktop/ROB9/ROB9_project/vg10_ws/install/vg_control_interfaces/share/vg_control_interfaces/cmake/vg_control_interfacesConfig-version.cmake
[3.973s] -- Symlinking: /home/wallat/Desktop/ROB9/ROB9_project/vg10_ws/install/vg_control_interfaces/share/vg_control_interfaces/package.xml
[3.982s] -- Installing: /home/wallat/Desktop/ROB9/ROB9_project/vg10_ws/install/vg_control_interfaces/lib/libvg_control_interfaces__rosidl_generator_c.so
[3.982s] -- Set runtime path of "/home/wallat/Desktop/ROB9/ROB9_project/vg10_ws/install/vg_control_interfaces/lib/libvg_control_interfaces__rosidl_generator_c.so" to ""
[3.983s] -- Installing: /home/wallat/Desktop/ROB9/ROB9_project/vg10_ws/install/vg_control_interfaces/lib/libvg_control_interfaces__rosidl_typesupport_fastrtps_c.so
[3.983s] -- Set runtime path of "/home/wallat/Desktop/ROB9/ROB9_project/vg10_ws/install/vg_control_interfaces/lib/libvg_control_interfaces__rosidl_typesupport_fastrtps_c.so" to ""
[3.983s] -- Installing: /home/wallat/Desktop/ROB9/ROB9_project/vg10_ws/install/vg_control_interfaces/lib/libvg_control_interfaces__rosidl_typesupport_introspection_c.so
[3.983s] -- Set runtime path of "/home/wallat/Desktop/ROB9/ROB9_project/vg10_ws/install/vg_control_interfaces/lib/libvg_control_interfaces__rosidl_typesupport_introspection_c.so" to ""
[3.983s] -- Installing: /home/wallat/Desktop/ROB9/ROB9_project/vg10_ws/install/vg_control_interfaces/lib/libvg_control_interfaces__rosidl_typesupport_c.so
[3.984s] -- Set runtime path of "/home/wallat/Desktop/ROB9/ROB9_project/vg10_ws/install/vg_control_interfaces/lib/libvg_control_interfaces__rosidl_typesupport_c.so" to ""
[3.984s] -- Installing: /home/wallat/Desktop/ROB9/ROB9_project/vg10_ws/install/vg_control_interfaces/lib/libvg_control_interfaces__rosidl_typesupport_fastrtps_cpp.so
[3.984s] -- Set runtime path of "/home/wallat/Desktop/ROB9/ROB9_project/vg10_ws/install/vg_control_interfaces/lib/libvg_control_interfaces__rosidl_typesupport_fastrtps_cpp.so" to ""
[3.984s] -- Installing: /home/wallat/Desktop/ROB9/ROB9_project/vg10_ws/install/vg_control_interfaces/lib/libvg_control_interfaces__rosidl_typesupport_introspection_cpp.so
[3.984s] -- Set runtime path of "/home/wallat/Desktop/ROB9/ROB9_project/vg10_ws/install/vg_control_interfaces/lib/libvg_control_interfaces__rosidl_typesupport_introspection_cpp.so" to ""
[3.984s] -- Installing: /home/wallat/Desktop/ROB9/ROB9_project/vg10_ws/install/vg_control_interfaces/lib/libvg_control_interfaces__rosidl_typesupport_cpp.so
[3.985s] -- Set runtime path of "/home/wallat/Desktop/ROB9/ROB9_project/vg10_ws/install/vg_control_interfaces/lib/libvg_control_interfaces__rosidl_typesupport_cpp.so" to ""
[4.011s] Listing '/home/wallat/Desktop/ROB9/ROB9_project/vg10_ws/install/vg_control_interfaces/local/lib/python3.10/dist-packages/vg_control_interfaces'...
[4.011s] Compiling '/home/wallat/Desktop/ROB9/ROB9_project/vg10_ws/install/vg_control_interfaces/local/lib/python3.10/dist-packages/vg_control_interfaces/__init__.py'...
[4.011s] Listing '/home/wallat/Desktop/ROB9/ROB9_project/vg10_ws/install/vg_control_interfaces/local/lib/python3.10/dist-packages/vg_control_interfaces/srv'...
[4.011s] Compiling '/home/wallat/Desktop/ROB9/ROB9_project/vg10_ws/install/vg_control_interfaces/local/lib/python3.10/dist-packages/vg_control_interfaces/srv/__init__.py'...
[4.011s] Compiling '/home/wallat/Desktop/ROB9/ROB9_project/vg10_ws/install/vg_control_interfaces/local/lib/python3.10/dist-packages/vg_control_interfaces/srv/_vacuum_release.py'...
[4.011s] Compiling '/home/wallat/Desktop/ROB9/ROB9_project/vg10_ws/install/vg_control_interfaces/local/lib/python3.10/dist-packages/vg_control_interfaces/srv/_vacuum_set.py'...
[4.014s] -- Installing: /home/wallat/Desktop/ROB9/ROB9_project/vg10_ws/install/vg_control_interfaces/lib/libvg_control_interfaces__rosidl_generator_py.so
[4.014s] -- Set runtime path of "/home/wallat/Desktop/ROB9/ROB9_project/vg10_ws/install/vg_control_interfaces/lib/libvg_control_interfaces__rosidl_generator_py.so" to ""
[4.014s] -- Installing: /home/wallat/Desktop/ROB9/ROB9_project/vg10_ws/install/vg_control_interfaces/share/vg_control_interfaces/cmake/export_vg_control_interfaces__rosidl_generator_cExport.cmake
[4.014s] -- Installing: /home/wallat/Desktop/ROB9/ROB9_project/vg10_ws/install/vg_control_interfaces/share/vg_control_interfaces/cmake/export_vg_control_interfaces__rosidl_generator_cExport-noconfig.cmake
[4.014s] -- Installing: /home/wallat/Desktop/ROB9/ROB9_project/vg10_ws/install/vg_control_interfaces/share/vg_control_interfaces/cmake/export_vg_control_interfaces__rosidl_typesupport_fastrtps_cExport.cmake
[4.015s] -- Installing: /home/wallat/Desktop/ROB9/ROB9_project/vg10_ws/install/vg_control_interfaces/share/vg_control_interfaces/cmake/export_vg_control_interfaces__rosidl_typesupport_fastrtps_cExport-noconfig.cmake
[4.015s] -- Installing: /home/wallat/Desktop/ROB9/ROB9_project/vg10_ws/install/vg_control_interfaces/share/vg_control_interfaces/cmake/vg_control_interfaces__rosidl_typesupport_introspection_cExport.cmake
[4.015s] -- Installing: /home/wallat/Desktop/ROB9/ROB9_project/vg10_ws/install/vg_control_interfaces/share/vg_control_interfaces/cmake/vg_control_interfaces__rosidl_typesupport_introspection_cExport-noconfig.cmake
[4.015s] -- Installing: /home/wallat/Desktop/ROB9/ROB9_project/vg10_ws/install/vg_control_interfaces/share/vg_control_interfaces/cmake/vg_control_interfaces__rosidl_typesupport_cExport.cmake
[4.015s] -- Installing: /home/wallat/Desktop/ROB9/ROB9_project/vg10_ws/install/vg_control_interfaces/share/vg_control_interfaces/cmake/vg_control_interfaces__rosidl_typesupport_cExport-noconfig.cmake
[4.015s] -- Installing: /home/wallat/Desktop/ROB9/ROB9_project/vg10_ws/install/vg_control_interfaces/share/vg_control_interfaces/cmake/export_vg_control_interfaces__rosidl_generator_cppExport.cmake
[4.016s] -- Installing: /home/wallat/Desktop/ROB9/ROB9_project/vg10_ws/install/vg_control_interfaces/share/vg_control_interfaces/cmake/export_vg_control_interfaces__rosidl_typesupport_fastrtps_cppExport.cmake
[4.016s] -- Installing: /home/wallat/Desktop/ROB9/ROB9_project/vg10_ws/install/vg_control_interfaces/share/vg_control_interfaces/cmake/export_vg_control_interfaces__rosidl_typesupport_fastrtps_cppExport-noconfig.cmake
[4.016s] -- Installing: /home/wallat/Desktop/ROB9/ROB9_project/vg10_ws/install/vg_control_interfaces/share/vg_control_interfaces/cmake/vg_control_interfaces__rosidl_typesupport_introspection_cppExport.cmake
[4.016s] -- Installing: /home/wallat/Desktop/ROB9/ROB9_project/vg10_ws/install/vg_control_interfaces/share/vg_control_interfaces/cmake/vg_control_interfaces__rosidl_typesupport_introspection_cppExport-noconfig.cmake
[4.016s] -- Installing: /home/wallat/Desktop/ROB9/ROB9_project/vg10_ws/install/vg_control_interfaces/share/vg_control_interfaces/cmake/vg_control_interfaces__rosidl_typesupport_cppExport.cmake
[4.016s] -- Installing: /home/wallat/Desktop/ROB9/ROB9_project/vg10_ws/install/vg_control_interfaces/share/vg_control_interfaces/cmake/vg_control_interfaces__rosidl_typesupport_cppExport-noconfig.cmake
[4.016s] -- Installing: /home/wallat/Desktop/ROB9/ROB9_project/vg10_ws/install/vg_control_interfaces/share/vg_control_interfaces/cmake/export_vg_control_interfaces__rosidl_generator_pyExport.cmake
[4.017s] -- Installing: /home/wallat/Desktop/ROB9/ROB9_project/vg10_ws/install/vg_control_interfaces/share/vg_control_interfaces/cmake/export_vg_control_interfaces__rosidl_generator_pyExport-noconfig.cmake
[4.019s] Invoked command in '/home/wallat/Desktop/ROB9/ROB9_project/vg10_ws/build/vg_control_interfaces' returned '0': CMAKE_PREFIX_PATH=/opt/ros/humble /usr/bin/cmake --install /home/wallat/Desktop/ROB9/ROB9_project/vg10_ws/build/vg_control_interfaces
