[0.167s] DEBUG:colcon:Command line arguments: ['/usr/bin/colcon', 'build', '--symlink-install']
[0.167s] DEBUG:colcon:Parsed command line arguments: Namespace(log_base=None, log_level=None, verb_name='build', build_base='build', install_base='install', merge_install=False, symlink_install=True, test_result_base=None, continue_on_error=False, executor='parallel', parallel_workers=16, event_handlers=None, ignore_user_meta=False, metas=['./colcon.meta'], base_paths=['.'], packages_ignore=None, packages_ignore_regex=None, paths=None, packages_up_to=None, packages_up_to_regex=None, packages_above=None, packages_above_and_dependencies=None, packages_above_depth=None, packages_select_by_dep=None, packages_skip_by_dep=None, packages_skip_up_to=None, packages_select_build_failed=False, packages_skip_build_finished=False, packages_select_test_failures=False, packages_skip_test_passed=False, packages_select=None, packages_skip=None, packages_select_regex=None, packages_skip_regex=None, packages_start=None, packages_end=None, allow_overriding=[], cmake_args=None, cmake_target=None, cmake_target_skip_unavailable=False, cmake_clean_cache=False, cmake_clean_first=False, cmake_force_configure=False, ament_cmake_args=None, catkin_cmake_args=None, catkin_skip_building_tests=False, mixin_files=None, mixin=None, verb_parser=<colcon_mixin.mixin.mixin_argument.MixinArgumentDecorator object at 0x72d17174b2e0>, verb_extension=<colcon_core.verb.build.BuildVerb object at 0x72d1718c3df0>, main=<bound method BuildVerb.main of <colcon_core.verb.build.BuildVerb object at 0x72d1718c3df0>>, mixin_verb=('build',))
[0.344s] Level 1:colcon.colcon_core.package_discovery:discover_packages(colcon_meta) check parameters
[0.344s] Level 1:colcon.colcon_core.package_discovery:discover_packages(recursive) check parameters
[0.344s] Level 1:colcon.colcon_core.package_discovery:discover_packages(ignore) check parameters
[0.344s] Level 1:colcon.colcon_core.package_discovery:discover_packages(path) check parameters
[0.344s] Level 1:colcon.colcon_core.package_discovery:discover_packages(colcon_meta) discover
[0.344s] Level 1:colcon.colcon_core.package_discovery:discover_packages(recursive) discover
[0.344s] INFO:colcon.colcon_core.package_discovery:Crawling recursively for packages in '/home/wallat/Desktop/ROB9/ROB9_project/vg10_ws'
[0.344s] Level 1:colcon.colcon_core.package_identification:_identify(.) by extensions ['ignore', 'ignore_ament_install']
[0.344s] Level 1:colcon.colcon_core.package_identification:_identify(.) by extension 'ignore'
[0.344s] Level 1:colcon.colcon_core.package_identification:_identify(.) by extension 'ignore_ament_install'
[0.344s] Level 1:colcon.colcon_core.package_identification:_identify(.) by extensions ['colcon_pkg']
[0.344s] Level 1:colcon.colcon_core.package_identification:_identify(.) by extension 'colcon_pkg'
[0.344s] Level 1:colcon.colcon_core.package_identification:_identify(.) by extensions ['colcon_meta']
[0.344s] Level 1:colcon.colcon_core.package_identification:_identify(.) by extension 'colcon_meta'
[0.344s] Level 1:colcon.colcon_core.package_identification:_identify(.) by extensions ['ros']
[0.344s] Level 1:colcon.colcon_core.package_identification:_identify(.) by extension 'ros'
[0.364s] Level 1:colcon.colcon_core.package_identification:_identify(.) by extensions ['cmake', 'python']
[0.364s] Level 1:colcon.colcon_core.package_identification:_identify(.) by extension 'cmake'
[0.364s] Level 1:colcon.colcon_core.package_identification:_identify(.) by extension 'python'
[0.364s] Level 1:colcon.colcon_core.package_identification:_identify(.) by extensions ['python_setup_py']
[0.364s] Level 1:colcon.colcon_core.package_identification:_identify(.) by extension 'python_setup_py'
[0.364s] Level 1:colcon.colcon_core.package_identification:_identify(build) by extensions ['ignore', 'ignore_ament_install']
[0.364s] Level 1:colcon.colcon_core.package_identification:_identify(build) by extension 'ignore'
[0.364s] Level 1:colcon.colcon_core.package_identification:_identify(build) ignored
[0.364s] Level 1:colcon.colcon_core.package_identification:_identify(install) by extensions ['ignore', 'ignore_ament_install']
[0.364s] Level 1:colcon.colcon_core.package_identification:_identify(install) by extension 'ignore'
[0.364s] Level 1:colcon.colcon_core.package_identification:_identify(install) ignored
[0.365s] Level 1:colcon.colcon_core.package_identification:_identify(log) by extensions ['ignore', 'ignore_ament_install']
[0.365s] Level 1:colcon.colcon_core.package_identification:_identify(log) by extension 'ignore'
[0.365s] Level 1:colcon.colcon_core.package_identification:_identify(log) ignored
[0.365s] Level 1:colcon.colcon_core.package_identification:_identify(src) by extensions ['ignore', 'ignore_ament_install']
[0.365s] Level 1:colcon.colcon_core.package_identification:_identify(src) by extension 'ignore'
[0.365s] Level 1:colcon.colcon_core.package_identification:_identify(src) by extension 'ignore_ament_install'
[0.365s] Level 1:colcon.colcon_core.package_identification:_identify(src) by extensions ['colcon_pkg']
[0.365s] Level 1:colcon.colcon_core.package_identification:_identify(src) by extension 'colcon_pkg'
[0.365s] Level 1:colcon.colcon_core.package_identification:_identify(src) by extensions ['colcon_meta']
[0.365s] Level 1:colcon.colcon_core.package_identification:_identify(src) by extension 'colcon_meta'
[0.365s] Level 1:colcon.colcon_core.package_identification:_identify(src) by extensions ['ros']
[0.365s] Level 1:colcon.colcon_core.package_identification:_identify(src) by extension 'ros'
[0.365s] Level 1:colcon.colcon_core.package_identification:_identify(src) by extensions ['cmake', 'python']
[0.365s] Level 1:colcon.colcon_core.package_identification:_identify(src) by extension 'cmake'
[0.365s] Level 1:colcon.colcon_core.package_identification:_identify(src) by extension 'python'
[0.365s] Level 1:colcon.colcon_core.package_identification:_identify(src) by extensions ['python_setup_py']
[0.365s] Level 1:colcon.colcon_core.package_identification:_identify(src) by extension 'python_setup_py'
[0.365s] Level 1:colcon.colcon_core.package_identification:_identify(src/vg10) by extensions ['ignore', 'ignore_ament_install']
[0.365s] Level 1:colcon.colcon_core.package_identification:_identify(src/vg10) by extension 'ignore'
[0.365s] Level 1:colcon.colcon_core.package_identification:_identify(src/vg10) by extension 'ignore_ament_install'
[0.365s] Level 1:colcon.colcon_core.package_identification:_identify(src/vg10) by extensions ['colcon_pkg']
[0.365s] Level 1:colcon.colcon_core.package_identification:_identify(src/vg10) by extension 'colcon_pkg'
[0.365s] Level 1:colcon.colcon_core.package_identification:_identify(src/vg10) by extensions ['colcon_meta']
[0.366s] Level 1:colcon.colcon_core.package_identification:_identify(src/vg10) by extension 'colcon_meta'
[0.366s] Level 1:colcon.colcon_core.package_identification:_identify(src/vg10) by extensions ['ros']
[0.366s] Level 1:colcon.colcon_core.package_identification:_identify(src/vg10) by extension 'ros'
[0.366s] Level 1:colcon.colcon_core.package_identification:_identify(src/vg10) by extensions ['cmake', 'python']
[0.366s] Level 1:colcon.colcon_core.package_identification:_identify(src/vg10) by extension 'cmake'
[0.366s] Level 1:colcon.colcon_core.package_identification:_identify(src/vg10) by extension 'python'
[0.366s] Level 1:colcon.colcon_core.package_identification:_identify(src/vg10) by extensions ['python_setup_py']
[0.366s] Level 1:colcon.colcon_core.package_identification:_identify(src/vg10) by extension 'python_setup_py'
[0.366s] Level 1:colcon.colcon_core.package_identification:_identify(src/vg10_control) by extensions ['ignore', 'ignore_ament_install']
[0.366s] Level 1:colcon.colcon_core.package_identification:_identify(src/vg10_control) by extension 'ignore'
[0.366s] Level 1:colcon.colcon_core.package_identification:_identify(src/vg10_control) by extension 'ignore_ament_install'
[0.366s] Level 1:colcon.colcon_core.package_identification:_identify(src/vg10_control) by extensions ['colcon_pkg']
[0.366s] Level 1:colcon.colcon_core.package_identification:_identify(src/vg10_control) by extension 'colcon_pkg'
[0.366s] Level 1:colcon.colcon_core.package_identification:_identify(src/vg10_control) by extensions ['colcon_meta']
[0.366s] Level 1:colcon.colcon_core.package_identification:_identify(src/vg10_control) by extension 'colcon_meta'
[0.366s] Level 1:colcon.colcon_core.package_identification:_identify(src/vg10_control) by extensions ['ros']
[0.366s] Level 1:colcon.colcon_core.package_identification:_identify(src/vg10_control) by extension 'ros'
[0.368s] DEBUG:colcon.colcon_core.package_identification:Package 'src/vg10_control' with type 'ros.ament_python' and name 'vg10_control'
[0.368s] Level 1:colcon.colcon_core.package_identification:_identify(src/vg_control_interfaces) by extensions ['ignore', 'ignore_ament_install']
[0.369s] Level 1:colcon.colcon_core.package_identification:_identify(src/vg_control_interfaces) by extension 'ignore'
[0.369s] Level 1:colcon.colcon_core.package_identification:_identify(src/vg_control_interfaces) by extension 'ignore_ament_install'
[0.369s] Level 1:colcon.colcon_core.package_identification:_identify(src/vg_control_interfaces) by extensions ['colcon_pkg']
[0.369s] Level 1:colcon.colcon_core.package_identification:_identify(src/vg_control_interfaces) by extension 'colcon_pkg'
[0.369s] Level 1:colcon.colcon_core.package_identification:_identify(src/vg_control_interfaces) by extensions ['colcon_meta']
[0.369s] Level 1:colcon.colcon_core.package_identification:_identify(src/vg_control_interfaces) by extension 'colcon_meta'
[0.369s] Level 1:colcon.colcon_core.package_identification:_identify(src/vg_control_interfaces) by extensions ['ros']
[0.369s] Level 1:colcon.colcon_core.package_identification:_identify(src/vg_control_interfaces) by extension 'ros'
[0.369s] DEBUG:colcon.colcon_core.package_identification:Package 'src/vg_control_interfaces' with type 'ros.ament_cmake' and name 'vg_control_interfaces'
[0.369s] Level 1:colcon.colcon_core.package_discovery:discover_packages(recursive) using defaults
[0.369s] Level 1:colcon.colcon_core.package_discovery:discover_packages(ignore) discover
[0.369s] Level 1:colcon.colcon_core.package_discovery:discover_packages(ignore) using defaults
[0.369s] Level 1:colcon.colcon_core.package_discovery:discover_packages(path) discover
[0.369s] Level 1:colcon.colcon_core.package_discovery:discover_packages(path) using defaults
[0.388s] Level 1:colcon.colcon_core.package_discovery:discover_packages(prefix_path) check parameters
[0.388s] Level 1:colcon.colcon_core.package_discovery:discover_packages(prefix_path) discover
[0.392s] DEBUG:colcon.colcon_installed_package_information.package_discovery:Found 426 installed packages in /opt/ros/humble
[0.394s] Level 1:colcon.colcon_core.package_discovery:discover_packages(prefix_path) using defaults
[0.432s] Level 5:colcon.colcon_core.verb:set package 'vg_control_interfaces' build argument 'cmake_args' from command line to 'None'
[0.432s] Level 5:colcon.colcon_core.verb:set package 'vg_control_interfaces' build argument 'cmake_target' from command line to 'None'
[0.432s] Level 5:colcon.colcon_core.verb:set package 'vg_control_interfaces' build argument 'cmake_target_skip_unavailable' from command line to 'False'
[0.432s] Level 5:colcon.colcon_core.verb:set package 'vg_control_interfaces' build argument 'cmake_clean_cache' from command line to 'False'
[0.432s] Level 5:colcon.colcon_core.verb:set package 'vg_control_interfaces' build argument 'cmake_clean_first' from command line to 'False'
[0.432s] Level 5:colcon.colcon_core.verb:set package 'vg_control_interfaces' build argument 'cmake_force_configure' from command line to 'False'
[0.432s] Level 5:colcon.colcon_core.verb:set package 'vg_control_interfaces' build argument 'ament_cmake_args' from command line to 'None'
[0.432s] Level 5:colcon.colcon_core.verb:set package 'vg_control_interfaces' build argument 'catkin_cmake_args' from command line to 'None'
[0.432s] Level 5:colcon.colcon_core.verb:set package 'vg_control_interfaces' build argument 'catkin_skip_building_tests' from command line to 'False'
[0.432s] DEBUG:colcon.colcon_core.verb:Building package 'vg_control_interfaces' with the following arguments: {'ament_cmake_args': None, 'build_base': '/home/wallat/Desktop/ROB9/ROB9_project/vg10_ws/build/vg_control_interfaces', 'catkin_cmake_args': None, 'catkin_skip_building_tests': False, 'cmake_args': None, 'cmake_clean_cache': False, 'cmake_clean_first': False, 'cmake_force_configure': False, 'cmake_target': None, 'cmake_target_skip_unavailable': False, 'install_base': '/home/wallat/Desktop/ROB9/ROB9_project/vg10_ws/install/vg_control_interfaces', 'merge_install': False, 'path': '/home/wallat/Desktop/ROB9/ROB9_project/vg10_ws/src/vg_control_interfaces', 'symlink_install': True, 'test_result_base': None}
[0.433s] Level 5:colcon.colcon_core.verb:set package 'vg10_control' build argument 'cmake_args' from command line to 'None'
[0.433s] Level 5:colcon.colcon_core.verb:set package 'vg10_control' build argument 'cmake_target' from command line to 'None'
[0.433s] Level 5:colcon.colcon_core.verb:set package 'vg10_control' build argument 'cmake_target_skip_unavailable' from command line to 'False'
[0.433s] Level 5:colcon.colcon_core.verb:set package 'vg10_control' build argument 'cmake_clean_cache' from command line to 'False'
[0.433s] Level 5:colcon.colcon_core.verb:set package 'vg10_control' build argument 'cmake_clean_first' from command line to 'False'
[0.433s] Level 5:colcon.colcon_core.verb:set package 'vg10_control' build argument 'cmake_force_configure' from command line to 'False'
[0.433s] Level 5:colcon.colcon_core.verb:set package 'vg10_control' build argument 'ament_cmake_args' from command line to 'None'
[0.433s] Level 5:colcon.colcon_core.verb:set package 'vg10_control' build argument 'catkin_cmake_args' from command line to 'None'
[0.433s] Level 5:colcon.colcon_core.verb:set package 'vg10_control' build argument 'catkin_skip_building_tests' from command line to 'False'
[0.433s] DEBUG:colcon.colcon_core.verb:Building package 'vg10_control' with the following arguments: {'ament_cmake_args': None, 'build_base': '/home/wallat/Desktop/ROB9/ROB9_project/vg10_ws/build/vg10_control', 'catkin_cmake_args': None, 'catkin_skip_building_tests': False, 'cmake_args': None, 'cmake_clean_cache': False, 'cmake_clean_first': False, 'cmake_force_configure': False, 'cmake_target': None, 'cmake_target_skip_unavailable': False, 'install_base': '/home/wallat/Desktop/ROB9/ROB9_project/vg10_ws/install/vg10_control', 'merge_install': False, 'path': '/home/wallat/Desktop/ROB9/ROB9_project/vg10_ws/src/vg10_control', 'symlink_install': True, 'test_result_base': None}
[0.433s] INFO:colcon.colcon_core.executor:Executing jobs using 'parallel' executor
[0.434s] DEBUG:colcon.colcon_parallel_executor.executor.parallel:run_until_complete
[0.434s] INFO:colcon.colcon_ros.task.ament_cmake.build:Building ROS package in '/home/wallat/Desktop/ROB9/ROB9_project/vg10_ws/src/vg_control_interfaces' with build type 'ament_cmake'
[0.434s] INFO:colcon.colcon_cmake.task.cmake.build:Building CMake package in '/home/wallat/Desktop/ROB9/ROB9_project/vg10_ws/src/vg_control_interfaces'
[0.439s] INFO:colcon.colcon_core.plugin_system:Skipping extension 'colcon_core.shell.bat': Not used on non-Windows systems
[0.439s] INFO:colcon.colcon_core.shell:Skip shell extension 'powershell' for command environment: Not usable outside of PowerShell
[0.439s] DEBUG:colcon.colcon_core.shell:Skip shell extension 'dsv' for command environment
[0.446s] DEBUG:colcon.colcon_core.event_handler.log_command:Invoking command in '/home/wallat/Desktop/ROB9/ROB9_project/vg10_ws/build/vg_control_interfaces': CMAKE_PREFIX_PATH=/opt/ros/humble /usr/bin/cmake /home/wallat/Desktop/ROB9/ROB9_project/vg10_ws/src/vg_control_interfaces -DAMENT_CMAKE_SYMLINK_INSTALL=1 -DCMAKE_INSTALL_PREFIX=/home/wallat/Desktop/ROB9/ROB9_project/vg10_ws/install/vg_control_interfaces
[1.780s] DEBUG:colcon.colcon_core.event_handler.log_command:Invoked command in '/home/wallat/Desktop/ROB9/ROB9_project/vg10_ws/build/vg_control_interfaces' returned '0': CMAKE_PREFIX_PATH=/opt/ros/humble /usr/bin/cmake /home/wallat/Desktop/ROB9/ROB9_project/vg10_ws/src/vg_control_interfaces -DAMENT_CMAKE_SYMLINK_INSTALL=1 -DCMAKE_INSTALL_PREFIX=/home/wallat/Desktop/ROB9/ROB9_project/vg10_ws/install/vg_control_interfaces
[1.782s] DEBUG:colcon.colcon_core.event_handler.log_command:Invoking command in '/home/wallat/Desktop/ROB9/ROB9_project/vg10_ws/build/vg_control_interfaces': CMAKE_PREFIX_PATH=/opt/ros/humble /usr/bin/cmake --build /home/wallat/Desktop/ROB9/ROB9_project/vg10_ws/build/vg_control_interfaces -- -j16 -l16
[3.759s] DEBUG:colcon.colcon_core.event_handler.log_command:Invoked command in '/home/wallat/Desktop/ROB9/ROB9_project/vg10_ws/build/vg_control_interfaces' returned '0': CMAKE_PREFIX_PATH=/opt/ros/humble /usr/bin/cmake --build /home/wallat/Desktop/ROB9/ROB9_project/vg10_ws/build/vg_control_interfaces -- -j16 -l16
[3.768s] DEBUG:colcon.colcon_core.event_handler.log_command:Invoking command in '/home/wallat/Desktop/ROB9/ROB9_project/vg10_ws/build/vg_control_interfaces': CMAKE_PREFIX_PATH=/opt/ros/humble /usr/bin/cmake --install /home/wallat/Desktop/ROB9/ROB9_project/vg10_ws/build/vg_control_interfaces
[4.453s] Level 1:colcon.colcon_core.environment:create_environment_scripts_only(vg_control_interfaces)
[4.453s] DEBUG:colcon.colcon_core.event_handler.log_command:Invoked command in '/home/wallat/Desktop/ROB9/ROB9_project/vg10_ws/build/vg_control_interfaces' returned '0': CMAKE_PREFIX_PATH=/opt/ros/humble /usr/bin/cmake --install /home/wallat/Desktop/ROB9/ROB9_project/vg10_ws/build/vg_control_interfaces
[4.468s] Level 1:colcon.colcon_core.environment:checking '/home/wallat/Desktop/ROB9/ROB9_project/vg10_ws/install/vg_control_interfaces' for CMake module files
[4.468s] Level 1:colcon.colcon_core.environment:checking '/home/wallat/Desktop/ROB9/ROB9_project/vg10_ws/install/vg_control_interfaces' for CMake config files
[4.469s] Level 1:colcon.colcon_core.shell:create_environment_hook('vg_control_interfaces', 'cmake_prefix_path')
[4.469s] INFO:colcon.colcon_core.shell:Creating environment hook '/home/wallat/Desktop/ROB9/ROB9_project/vg10_ws/install/vg_control_interfaces/share/vg_control_interfaces/hook/cmake_prefix_path.ps1'
[4.470s] INFO:colcon.colcon_core.shell:Creating environment descriptor '/home/wallat/Desktop/ROB9/ROB9_project/vg10_ws/install/vg_control_interfaces/share/vg_control_interfaces/hook/cmake_prefix_path.dsv'
[4.471s] INFO:colcon.colcon_core.shell:Creating environment hook '/home/wallat/Desktop/ROB9/ROB9_project/vg10_ws/install/vg_control_interfaces/share/vg_control_interfaces/hook/cmake_prefix_path.sh'
[4.471s] Level 1:colcon.colcon_core.environment:checking '/home/wallat/Desktop/ROB9/ROB9_project/vg10_ws/install/vg_control_interfaces/lib'
[4.471s] Level 1:colcon.colcon_core.shell:create_environment_hook('vg_control_interfaces', 'ld_library_path_lib')
[4.472s] INFO:colcon.colcon_core.shell:Creating environment hook '/home/wallat/Desktop/ROB9/ROB9_project/vg10_ws/install/vg_control_interfaces/share/vg_control_interfaces/hook/ld_library_path_lib.ps1'
[4.472s] INFO:colcon.colcon_core.shell:Creating environment descriptor '/home/wallat/Desktop/ROB9/ROB9_project/vg10_ws/install/vg_control_interfaces/share/vg_control_interfaces/hook/ld_library_path_lib.dsv'
[4.472s] INFO:colcon.colcon_core.shell:Creating environment hook '/home/wallat/Desktop/ROB9/ROB9_project/vg10_ws/install/vg_control_interfaces/share/vg_control_interfaces/hook/ld_library_path_lib.sh'
[4.472s] Level 1:colcon.colcon_core.environment:checking '/home/wallat/Desktop/ROB9/ROB9_project/vg10_ws/install/vg_control_interfaces/bin'
[4.472s] Level 1:colcon.colcon_core.environment:checking '/home/wallat/Desktop/ROB9/ROB9_project/vg10_ws/install/vg_control_interfaces/lib/pkgconfig/vg_control_interfaces.pc'
[4.473s] Level 1:colcon.colcon_core.environment:checking '/home/wallat/Desktop/ROB9/ROB9_project/vg10_ws/install/vg_control_interfaces/lib/python3.10/site-packages'
[4.473s] Level 1:colcon.colcon_core.environment:checking '/home/wallat/Desktop/ROB9/ROB9_project/vg10_ws/install/vg_control_interfaces/bin'
[4.473s] INFO:colcon.colcon_core.shell:Creating package script '/home/wallat/Desktop/ROB9/ROB9_project/vg10_ws/install/vg_control_interfaces/share/vg_control_interfaces/package.ps1'
[4.474s] INFO:colcon.colcon_core.shell:Creating package descriptor '/home/wallat/Desktop/ROB9/ROB9_project/vg10_ws/install/vg_control_interfaces/share/vg_control_interfaces/package.dsv'
[4.474s] INFO:colcon.colcon_core.shell:Creating package script '/home/wallat/Desktop/ROB9/ROB9_project/vg10_ws/install/vg_control_interfaces/share/vg_control_interfaces/package.sh'
[4.475s] INFO:colcon.colcon_core.shell:Creating package script '/home/wallat/Desktop/ROB9/ROB9_project/vg10_ws/install/vg_control_interfaces/share/vg_control_interfaces/package.bash'
[4.476s] INFO:colcon.colcon_core.shell:Creating package script '/home/wallat/Desktop/ROB9/ROB9_project/vg10_ws/install/vg_control_interfaces/share/vg_control_interfaces/package.zsh'
[4.477s] Level 1:colcon.colcon_core.environment:create_file_with_runtime_dependencies(/home/wallat/Desktop/ROB9/ROB9_project/vg10_ws/install/vg_control_interfaces/share/colcon-core/packages/vg_control_interfaces)
[4.477s] Level 1:colcon.colcon_core.environment:create_environment_scripts_only(vg_control_interfaces)
[4.477s] Level 1:colcon.colcon_core.environment:checking '/home/wallat/Desktop/ROB9/ROB9_project/vg10_ws/install/vg_control_interfaces' for CMake module files
[4.478s] Level 1:colcon.colcon_core.environment:checking '/home/wallat/Desktop/ROB9/ROB9_project/vg10_ws/install/vg_control_interfaces' for CMake config files
[4.479s] Level 1:colcon.colcon_core.shell:create_environment_hook('vg_control_interfaces', 'cmake_prefix_path')
[4.479s] INFO:colcon.colcon_core.shell:Creating environment hook '/home/wallat/Desktop/ROB9/ROB9_project/vg10_ws/install/vg_control_interfaces/share/vg_control_interfaces/hook/cmake_prefix_path.ps1'
[4.479s] INFO:colcon.colcon_core.shell:Creating environment descriptor '/home/wallat/Desktop/ROB9/ROB9_project/vg10_ws/install/vg_control_interfaces/share/vg_control_interfaces/hook/cmake_prefix_path.dsv'
[4.479s] INFO:colcon.colcon_core.shell:Creating environment hook '/home/wallat/Desktop/ROB9/ROB9_project/vg10_ws/install/vg_control_interfaces/share/vg_control_interfaces/hook/cmake_prefix_path.sh'
[4.480s] Level 1:colcon.colcon_core.environment:checking '/home/wallat/Desktop/ROB9/ROB9_project/vg10_ws/install/vg_control_interfaces/lib'
[4.480s] Level 1:colcon.colcon_core.shell:create_environment_hook('vg_control_interfaces', 'ld_library_path_lib')
[4.480s] INFO:colcon.colcon_core.shell:Creating environment hook '/home/wallat/Desktop/ROB9/ROB9_project/vg10_ws/install/vg_control_interfaces/share/vg_control_interfaces/hook/ld_library_path_lib.ps1'
[4.480s] INFO:colcon.colcon_core.shell:Creating environment descriptor '/home/wallat/Desktop/ROB9/ROB9_project/vg10_ws/install/vg_control_interfaces/share/vg_control_interfaces/hook/ld_library_path_lib.dsv'
[4.480s] INFO:colcon.colcon_core.shell:Creating environment hook '/home/wallat/Desktop/ROB9/ROB9_project/vg10_ws/install/vg_control_interfaces/share/vg_control_interfaces/hook/ld_library_path_lib.sh'
[4.481s] Level 1:colcon.colcon_core.environment:checking '/home/wallat/Desktop/ROB9/ROB9_project/vg10_ws/install/vg_control_interfaces/bin'
[4.481s] Level 1:colcon.colcon_core.environment:checking '/home/wallat/Desktop/ROB9/ROB9_project/vg10_ws/install/vg_control_interfaces/lib/pkgconfig/vg_control_interfaces.pc'
[4.481s] Level 1:colcon.colcon_core.environment:checking '/home/wallat/Desktop/ROB9/ROB9_project/vg10_ws/install/vg_control_interfaces/lib/python3.10/site-packages'
[4.481s] Level 1:colcon.colcon_core.environment:checking '/home/wallat/Desktop/ROB9/ROB9_project/vg10_ws/install/vg_control_interfaces/bin'
[4.481s] INFO:colcon.colcon_core.shell:Creating package script '/home/wallat/Desktop/ROB9/ROB9_project/vg10_ws/install/vg_control_interfaces/share/vg_control_interfaces/package.ps1'
[4.482s] INFO:colcon.colcon_core.shell:Creating package descriptor '/home/wallat/Desktop/ROB9/ROB9_project/vg10_ws/install/vg_control_interfaces/share/vg_control_interfaces/package.dsv'
[4.482s] INFO:colcon.colcon_core.shell:Creating package script '/home/wallat/Desktop/ROB9/ROB9_project/vg10_ws/install/vg_control_interfaces/share/vg_control_interfaces/package.sh'
[4.482s] INFO:colcon.colcon_core.shell:Creating package script '/home/wallat/Desktop/ROB9/ROB9_project/vg10_ws/install/vg_control_interfaces/share/vg_control_interfaces/package.bash'
[4.483s] INFO:colcon.colcon_core.shell:Creating package script '/home/wallat/Desktop/ROB9/ROB9_project/vg10_ws/install/vg_control_interfaces/share/vg_control_interfaces/package.zsh'
[4.483s] Level 1:colcon.colcon_core.environment:create_file_with_runtime_dependencies(/home/wallat/Desktop/ROB9/ROB9_project/vg10_ws/install/vg_control_interfaces/share/colcon-core/packages/vg_control_interfaces)
[4.483s] INFO:colcon.colcon_ros.task.ament_python.build:Building ROS package in '/home/wallat/Desktop/ROB9/ROB9_project/vg10_ws/src/vg10_control' with build type 'ament_python'
[4.483s] Level 1:colcon.colcon_core.shell:create_environment_hook('vg10_control', 'ament_prefix_path')
[4.484s] INFO:colcon.colcon_core.shell:Creating environment hook '/home/wallat/Desktop/ROB9/ROB9_project/vg10_ws/install/vg10_control/share/vg10_control/hook/ament_prefix_path.ps1'
[4.484s] INFO:colcon.colcon_core.shell:Creating environment descriptor '/home/wallat/Desktop/ROB9/ROB9_project/vg10_ws/install/vg10_control/share/vg10_control/hook/ament_prefix_path.dsv'
[4.485s] INFO:colcon.colcon_core.shell:Creating environment hook '/home/wallat/Desktop/ROB9/ROB9_project/vg10_ws/install/vg10_control/share/vg10_control/hook/ament_prefix_path.sh'
[4.485s] INFO:colcon.colcon_core.shell:Skip shell extension 'powershell' for command environment: Not usable outside of PowerShell
[4.485s] DEBUG:colcon.colcon_core.shell:Skip shell extension 'dsv' for command environment
[4.728s] INFO:colcon.colcon_core.task.python.build:Building Python package in '/home/wallat/Desktop/ROB9/ROB9_project/vg10_ws/src/vg10_control'
[4.728s] INFO:colcon.colcon_core.shell:Skip shell extension 'powershell' for command environment: Not usable outside of PowerShell
[4.728s] DEBUG:colcon.colcon_core.shell:Skip shell extension 'dsv' for command environment
[5.071s] DEBUG:colcon.colcon_core.event_handler.log_command:Invoking command in '/home/wallat/Desktop/ROB9/ROB9_project/vg10_ws/build/vg10_control': AMENT_PREFIX_PATH=/home/wallat/Desktop/ROB9/ROB9_project/vg10_ws/install/vg_control_interfaces:${AMENT_PREFIX_PATH} CMAKE_PREFIX_PATH=/home/wallat/Desktop/ROB9/ROB9_project/vg10_ws/install/vg_control_interfaces LD_LIBRARY_PATH=/home/wallat/Desktop/ROB9/ROB9_project/vg10_ws/install/vg_control_interfaces/lib:${LD_LIBRARY_PATH} PYTHONPATH=/home/wallat/Desktop/ROB9/ROB9_project/vg10_ws/build/vg10_control/prefix_override:/usr/lib/python3/dist-packages/colcon_core/task/python/colcon_distutils_commands:/home/wallat/Desktop/ROB9/ROB9_project/vg10_ws/install/vg10_control/lib/python3.10/site-packages:/home/wallat/Desktop/ROB9/ROB9_project/vg10_ws/install/vg_control_interfaces/local/lib/python3.10/dist-packages:${PYTHONPATH} /usr/bin/python3 -W ignore:setup.py install is deprecated -W ignore:easy_install command is deprecated setup.py develop --editable --build-directory /home/wallat/Desktop/ROB9/ROB9_project/vg10_ws/build/vg10_control/build --no-deps symlink_data
[5.499s] Level 1:colcon.colcon_core.shell:create_environment_hook('vg10_control', 'pythonpath_develop')
[5.500s] INFO:colcon.colcon_core.shell:Creating environment hook '/home/wallat/Desktop/ROB9/ROB9_project/vg10_ws/build/vg10_control/share/vg10_control/hook/pythonpath_develop.ps1'
[5.500s] DEBUG:colcon.colcon_core.event_handler.log_command:Invoked command in '/home/wallat/Desktop/ROB9/ROB9_project/vg10_ws/build/vg10_control' returned '0': AMENT_PREFIX_PATH=/home/wallat/Desktop/ROB9/ROB9_project/vg10_ws/install/vg_control_interfaces:${AMENT_PREFIX_PATH} CMAKE_PREFIX_PATH=/home/wallat/Desktop/ROB9/ROB9_project/vg10_ws/install/vg_control_interfaces LD_LIBRARY_PATH=/home/wallat/Desktop/ROB9/ROB9_project/vg10_ws/install/vg_control_interfaces/lib:${LD_LIBRARY_PATH} PYTHONPATH=/home/wallat/Desktop/ROB9/ROB9_project/vg10_ws/build/vg10_control/prefix_override:/usr/lib/python3/dist-packages/colcon_core/task/python/colcon_distutils_commands:/home/wallat/Desktop/ROB9/ROB9_project/vg10_ws/install/vg10_control/lib/python3.10/site-packages:/home/wallat/Desktop/ROB9/ROB9_project/vg10_ws/install/vg_control_interfaces/local/lib/python3.10/dist-packages:${PYTHONPATH} /usr/bin/python3 -W ignore:setup.py install is deprecated -W ignore:easy_install command is deprecated setup.py develop --editable --build-directory /home/wallat/Desktop/ROB9/ROB9_project/vg10_ws/build/vg10_control/build --no-deps symlink_data
[5.500s] INFO:colcon.colcon_core.shell:Creating environment descriptor '/home/wallat/Desktop/ROB9/ROB9_project/vg10_ws/build/vg10_control/share/vg10_control/hook/pythonpath_develop.dsv'
[5.501s] INFO:colcon.colcon_core.shell:Creating environment hook '/home/wallat/Desktop/ROB9/ROB9_project/vg10_ws/build/vg10_control/share/vg10_control/hook/pythonpath_develop.sh'
[5.501s] Level 1:colcon.colcon_core.environment:checking '/home/wallat/Desktop/ROB9/ROB9_project/vg10_ws/install/vg10_control' for CMake module files
[5.501s] Level 1:colcon.colcon_core.environment:checking '/home/wallat/Desktop/ROB9/ROB9_project/vg10_ws/install/vg10_control' for CMake config files
[5.502s] Level 1:colcon.colcon_core.environment:checking '/home/wallat/Desktop/ROB9/ROB9_project/vg10_ws/install/vg10_control/lib'
[5.502s] Level 1:colcon.colcon_core.environment:checking '/home/wallat/Desktop/ROB9/ROB9_project/vg10_ws/install/vg10_control/bin'
[5.502s] Level 1:colcon.colcon_core.environment:checking '/home/wallat/Desktop/ROB9/ROB9_project/vg10_ws/install/vg10_control/lib/pkgconfig/vg10_control.pc'
[5.502s] Level 1:colcon.colcon_core.environment:checking '/home/wallat/Desktop/ROB9/ROB9_project/vg10_ws/install/vg10_control/lib/python3.10/site-packages'
[5.502s] Level 1:colcon.colcon_core.shell:create_environment_hook('vg10_control', 'pythonpath')
[5.502s] INFO:colcon.colcon_core.shell:Creating environment hook '/home/wallat/Desktop/ROB9/ROB9_project/vg10_ws/install/vg10_control/share/vg10_control/hook/pythonpath.ps1'
[5.502s] INFO:colcon.colcon_core.shell:Creating environment descriptor '/home/wallat/Desktop/ROB9/ROB9_project/vg10_ws/install/vg10_control/share/vg10_control/hook/pythonpath.dsv'
[5.503s] INFO:colcon.colcon_core.shell:Creating environment hook '/home/wallat/Desktop/ROB9/ROB9_project/vg10_ws/install/vg10_control/share/vg10_control/hook/pythonpath.sh'
[5.503s] Level 1:colcon.colcon_core.environment:checking '/home/wallat/Desktop/ROB9/ROB9_project/vg10_ws/install/vg10_control/bin'
[5.503s] Level 1:colcon.colcon_core.environment:create_environment_scripts_only(vg10_control)
[5.503s] INFO:colcon.colcon_core.shell:Creating package script '/home/wallat/Desktop/ROB9/ROB9_project/vg10_ws/install/vg10_control/share/vg10_control/package.ps1'
[5.504s] INFO:colcon.colcon_core.shell:Creating package descriptor '/home/wallat/Desktop/ROB9/ROB9_project/vg10_ws/install/vg10_control/share/vg10_control/package.dsv'
[5.504s] INFO:colcon.colcon_core.shell:Creating package script '/home/wallat/Desktop/ROB9/ROB9_project/vg10_ws/install/vg10_control/share/vg10_control/package.sh'
[5.504s] INFO:colcon.colcon_core.shell:Creating package script '/home/wallat/Desktop/ROB9/ROB9_project/vg10_ws/install/vg10_control/share/vg10_control/package.bash'
[5.505s] INFO:colcon.colcon_core.shell:Creating package script '/home/wallat/Desktop/ROB9/ROB9_project/vg10_ws/install/vg10_control/share/vg10_control/package.zsh'
[5.505s] Level 1:colcon.colcon_core.environment:create_file_with_runtime_dependencies(/home/wallat/Desktop/ROB9/ROB9_project/vg10_ws/install/vg10_control/share/colcon-core/packages/vg10_control)
[5.505s] DEBUG:colcon.colcon_parallel_executor.executor.parallel:closing loop
[5.506s] DEBUG:colcon.colcon_parallel_executor.executor.parallel:loop closed
[5.506s] DEBUG:colcon.colcon_parallel_executor.executor.parallel:run_until_complete finished with '0'
[5.506s] DEBUG:colcon.colcon_core.event_reactor:joining thread
[5.511s] INFO:colcon.colcon_core.plugin_system:Skipping extension 'colcon_notification.desktop_notification.terminal_notifier': Not used on non-Darwin systems
[5.511s] INFO:colcon.colcon_core.plugin_system:Skipping extension 'colcon_notification.desktop_notification.win32': Not used on non-Windows systems
[5.511s] INFO:colcon.colcon_notification.desktop_notification:Sending desktop notification using 'notify2'
[5.528s] DEBUG:colcon.colcon_core.event_reactor:joined thread
[5.529s] INFO:colcon.colcon_core.shell:Creating prefix script '/home/wallat/Desktop/ROB9/ROB9_project/vg10_ws/install/local_setup.ps1'
[5.530s] INFO:colcon.colcon_core.shell:Creating prefix util module '/home/wallat/Desktop/ROB9/ROB9_project/vg10_ws/install/_local_setup_util_ps1.py'
[5.531s] INFO:colcon.colcon_core.shell:Creating prefix chain script '/home/wallat/Desktop/ROB9/ROB9_project/vg10_ws/install/setup.ps1'
[5.531s] INFO:colcon.colcon_core.shell:Creating prefix script '/home/wallat/Desktop/ROB9/ROB9_project/vg10_ws/install/local_setup.sh'
[5.532s] INFO:colcon.colcon_core.shell:Creating prefix util module '/home/wallat/Desktop/ROB9/ROB9_project/vg10_ws/install/_local_setup_util_sh.py'
[5.532s] INFO:colcon.colcon_core.shell:Creating prefix chain script '/home/wallat/Desktop/ROB9/ROB9_project/vg10_ws/install/setup.sh'
[5.533s] INFO:colcon.colcon_core.shell:Creating prefix script '/home/wallat/Desktop/ROB9/ROB9_project/vg10_ws/install/local_setup.bash'
[5.534s] INFO:colcon.colcon_core.shell:Creating prefix chain script '/home/wallat/Desktop/ROB9/ROB9_project/vg10_ws/install/setup.bash'
[5.534s] INFO:colcon.colcon_core.shell:Creating prefix script '/home/wallat/Desktop/ROB9/ROB9_project/vg10_ws/install/local_setup.zsh'
[5.535s] INFO:colcon.colcon_core.shell:Creating prefix chain script '/home/wallat/Desktop/ROB9/ROB9_project/vg10_ws/install/setup.zsh'
