[0.082s] DEBUG:colcon:Command line arguments: ['/usr/bin/colcon', 'build', '--symlink-install']
[0.082s] DEBUG:colcon:Parsed command line arguments: Namespace(log_base=None, log_level=None, verb_name='build', build_base='build', install_base='install', merge_install=False, symlink_install=True, test_result_base=None, continue_on_error=False, executor='parallel', parallel_workers=16, event_handlers=None, ignore_user_meta=False, metas=['./colcon.meta'], base_paths=['.'], packages_ignore=None, packages_ignore_regex=None, paths=None, packages_up_to=None, packages_up_to_regex=None, packages_above=None, packages_above_and_dependencies=None, packages_above_depth=None, packages_select_by_dep=None, packages_skip_by_dep=None, packages_skip_up_to=None, packages_select_build_failed=False, packages_skip_build_finished=False, packages_select_test_failures=False, packages_skip_test_passed=False, packages_select=None, packages_skip=None, packages_select_regex=None, packages_skip_regex=None, packages_start=None, packages_end=None, allow_overriding=[], cmake_args=None, cmake_target=None, cmake_target_skip_unavailable=False, cmake_clean_cache=False, cmake_clean_first=False, cmake_force_configure=False, ament_cmake_args=None, catkin_cmake_args=None, catkin_skip_building_tests=False, mixin_files=None, mixin=None, verb_parser=<colcon_mixin.mixin.mixin_argument.MixinArgumentDecorator object at 0x75ef1b35fd00>, verb_extension=<colcon_core.verb.build.BuildVerb object at 0x75ef1b48cf40>, main=<bound method BuildVerb.main of <colcon_core.verb.build.BuildVerb object at 0x75ef1b48cf40>>, mixin_verb=('build',))
[0.225s] Level 1:colcon.colcon_core.package_discovery:discover_packages(colcon_meta) check parameters
[0.225s] Level 1:colcon.colcon_core.package_discovery:discover_packages(recursive) check parameters
[0.225s] Level 1:colcon.colcon_core.package_discovery:discover_packages(ignore) check parameters
[0.225s] Level 1:colcon.colcon_core.package_discovery:discover_packages(path) check parameters
[0.225s] Level 1:colcon.colcon_core.package_discovery:discover_packages(colcon_meta) discover
[0.225s] Level 1:colcon.colcon_core.package_discovery:discover_packages(recursive) discover
[0.225s] INFO:colcon.colcon_core.package_discovery:Crawling recursively for packages in '/home/wallat/Desktop/ROB9/ROB9_project/vg10_ws'
[0.225s] Level 1:colcon.colcon_core.package_identification:_identify(.) by extensions ['ignore', 'ignore_ament_install']
[0.225s] Level 1:colcon.colcon_core.package_identification:_identify(.) by extension 'ignore'
[0.225s] Level 1:colcon.colcon_core.package_identification:_identify(.) by extension 'ignore_ament_install'
[0.225s] Level 1:colcon.colcon_core.package_identification:_identify(.) by extensions ['colcon_pkg']
[0.225s] Level 1:colcon.colcon_core.package_identification:_identify(.) by extension 'colcon_pkg'
[0.225s] Level 1:colcon.colcon_core.package_identification:_identify(.) by extensions ['colcon_meta']
[0.225s] Level 1:colcon.colcon_core.package_identification:_identify(.) by extension 'colcon_meta'
[0.225s] Level 1:colcon.colcon_core.package_identification:_identify(.) by extensions ['ros']
[0.225s] Level 1:colcon.colcon_core.package_identification:_identify(.) by extension 'ros'
[0.239s] Level 1:colcon.colcon_core.package_identification:_identify(.) by extensions ['cmake', 'python']
[0.239s] Level 1:colcon.colcon_core.package_identification:_identify(.) by extension 'cmake'
[0.240s] Level 1:colcon.colcon_core.package_identification:_identify(.) by extension 'python'
[0.240s] Level 1:colcon.colcon_core.package_identification:_identify(.) by extensions ['python_setup_py']
[0.240s] Level 1:colcon.colcon_core.package_identification:_identify(.) by extension 'python_setup_py'
[0.240s] Level 1:colcon.colcon_core.package_identification:_identify(build) by extensions ['ignore', 'ignore_ament_install']
[0.240s] Level 1:colcon.colcon_core.package_identification:_identify(build) by extension 'ignore'
[0.240s] Level 1:colcon.colcon_core.package_identification:_identify(build) ignored
[0.240s] Level 1:colcon.colcon_core.package_identification:_identify(install) by extensions ['ignore', 'ignore_ament_install']
[0.240s] Level 1:colcon.colcon_core.package_identification:_identify(install) by extension 'ignore'
[0.240s] Level 1:colcon.colcon_core.package_identification:_identify(install) ignored
[0.240s] Level 1:colcon.colcon_core.package_identification:_identify(log) by extensions ['ignore', 'ignore_ament_install']
[0.240s] Level 1:colcon.colcon_core.package_identification:_identify(log) by extension 'ignore'
[0.240s] Level 1:colcon.colcon_core.package_identification:_identify(log) ignored
[0.240s] Level 1:colcon.colcon_core.package_identification:_identify(src) by extensions ['ignore', 'ignore_ament_install']
[0.240s] Level 1:colcon.colcon_core.package_identification:_identify(src) by extension 'ignore'
[0.240s] Level 1:colcon.colcon_core.package_identification:_identify(src) by extension 'ignore_ament_install'
[0.240s] Level 1:colcon.colcon_core.package_identification:_identify(src) by extensions ['colcon_pkg']
[0.240s] Level 1:colcon.colcon_core.package_identification:_identify(src) by extension 'colcon_pkg'
[0.240s] Level 1:colcon.colcon_core.package_identification:_identify(src) by extensions ['colcon_meta']
[0.240s] Level 1:colcon.colcon_core.package_identification:_identify(src) by extension 'colcon_meta'
[0.240s] Level 1:colcon.colcon_core.package_identification:_identify(src) by extensions ['ros']
[0.240s] Level 1:colcon.colcon_core.package_identification:_identify(src) by extension 'ros'
[0.241s] Level 1:colcon.colcon_core.package_identification:_identify(src) by extensions ['cmake', 'python']
[0.241s] Level 1:colcon.colcon_core.package_identification:_identify(src) by extension 'cmake'
[0.241s] Level 1:colcon.colcon_core.package_identification:_identify(src) by extension 'python'
[0.241s] Level 1:colcon.colcon_core.package_identification:_identify(src) by extensions ['python_setup_py']
[0.241s] Level 1:colcon.colcon_core.package_identification:_identify(src) by extension 'python_setup_py'
[0.241s] Level 1:colcon.colcon_core.package_identification:_identify(src/vg10) by extensions ['ignore', 'ignore_ament_install']
[0.241s] Level 1:colcon.colcon_core.package_identification:_identify(src/vg10) by extension 'ignore'
[0.241s] Level 1:colcon.colcon_core.package_identification:_identify(src/vg10) by extension 'ignore_ament_install'
[0.241s] Level 1:colcon.colcon_core.package_identification:_identify(src/vg10) by extensions ['colcon_pkg']
[0.241s] Level 1:colcon.colcon_core.package_identification:_identify(src/vg10) by extension 'colcon_pkg'
[0.241s] Level 1:colcon.colcon_core.package_identification:_identify(src/vg10) by extensions ['colcon_meta']
[0.241s] Level 1:colcon.colcon_core.package_identification:_identify(src/vg10) by extension 'colcon_meta'
[0.241s] Level 1:colcon.colcon_core.package_identification:_identify(src/vg10) by extensions ['ros']
[0.241s] Level 1:colcon.colcon_core.package_identification:_identify(src/vg10) by extension 'ros'
[0.241s] Level 1:colcon.colcon_core.package_identification:_identify(src/vg10) by extensions ['cmake', 'python']
[0.241s] Level 1:colcon.colcon_core.package_identification:_identify(src/vg10) by extension 'cmake'
[0.241s] Level 1:colcon.colcon_core.package_identification:_identify(src/vg10) by extension 'python'
[0.241s] Level 1:colcon.colcon_core.package_identification:_identify(src/vg10) by extensions ['python_setup_py']
[0.241s] Level 1:colcon.colcon_core.package_identification:_identify(src/vg10) by extension 'python_setup_py'
[0.241s] Level 1:colcon.colcon_core.package_identification:_identify(src/vg10_control) by extensions ['ignore', 'ignore_ament_install']
[0.241s] Level 1:colcon.colcon_core.package_identification:_identify(src/vg10_control) by extension 'ignore'
[0.241s] Level 1:colcon.colcon_core.package_identification:_identify(src/vg10_control) by extension 'ignore_ament_install'
[0.241s] Level 1:colcon.colcon_core.package_identification:_identify(src/vg10_control) by extensions ['colcon_pkg']
[0.241s] Level 1:colcon.colcon_core.package_identification:_identify(src/vg10_control) by extension 'colcon_pkg'
[0.241s] Level 1:colcon.colcon_core.package_identification:_identify(src/vg10_control) by extensions ['colcon_meta']
[0.241s] Level 1:colcon.colcon_core.package_identification:_identify(src/vg10_control) by extension 'colcon_meta'
[0.241s] Level 1:colcon.colcon_core.package_identification:_identify(src/vg10_control) by extensions ['ros']
[0.241s] Level 1:colcon.colcon_core.package_identification:_identify(src/vg10_control) by extension 'ros'
[0.243s] DEBUG:colcon.colcon_core.package_identification:Package 'src/vg10_control' with type 'ros.ament_python' and name 'vg10_control'
[0.243s] Level 1:colcon.colcon_core.package_identification:_identify(src/vg_control_interfaces) by extensions ['ignore', 'ignore_ament_install']
[0.243s] Level 1:colcon.colcon_core.package_identification:_identify(src/vg_control_interfaces) by extension 'ignore'
[0.243s] Level 1:colcon.colcon_core.package_identification:_identify(src/vg_control_interfaces) by extension 'ignore_ament_install'
[0.243s] Level 1:colcon.colcon_core.package_identification:_identify(src/vg_control_interfaces) by extensions ['colcon_pkg']
[0.244s] Level 1:colcon.colcon_core.package_identification:_identify(src/vg_control_interfaces) by extension 'colcon_pkg'
[0.244s] Level 1:colcon.colcon_core.package_identification:_identify(src/vg_control_interfaces) by extensions ['colcon_meta']
[0.244s] Level 1:colcon.colcon_core.package_identification:_identify(src/vg_control_interfaces) by extension 'colcon_meta'
[0.244s] Level 1:colcon.colcon_core.package_identification:_identify(src/vg_control_interfaces) by extensions ['ros']
[0.244s] Level 1:colcon.colcon_core.package_identification:_identify(src/vg_control_interfaces) by extension 'ros'
[0.244s] DEBUG:colcon.colcon_core.package_identification:Package 'src/vg_control_interfaces' with type 'ros.ament_cmake' and name 'vg_control_interfaces'
[0.244s] Level 1:colcon.colcon_core.package_discovery:discover_packages(recursive) using defaults
[0.244s] Level 1:colcon.colcon_core.package_discovery:discover_packages(ignore) discover
[0.244s] Level 1:colcon.colcon_core.package_discovery:discover_packages(ignore) using defaults
[0.244s] Level 1:colcon.colcon_core.package_discovery:discover_packages(path) discover
[0.244s] Level 1:colcon.colcon_core.package_discovery:discover_packages(path) using defaults
[0.257s] Level 1:colcon.colcon_core.package_discovery:discover_packages(prefix_path) check parameters
[0.258s] Level 1:colcon.colcon_core.package_discovery:discover_packages(prefix_path) discover
[0.259s] DEBUG:colcon.colcon_installed_package_information.package_discovery:Found 2 installed packages in /home/wallat/Desktop/ROB9/ROB9_project/vg10_ws/install
[0.260s] DEBUG:colcon.colcon_installed_package_information.package_discovery:Found 426 installed packages in /opt/ros/humble
[0.262s] Level 1:colcon.colcon_core.package_discovery:discover_packages(prefix_path) using defaults
[0.298s] Level 5:colcon.colcon_core.verb:set package 'vg_control_interfaces' build argument 'cmake_args' from command line to 'None'
[0.298s] Level 5:colcon.colcon_core.verb:set package 'vg_control_interfaces' build argument 'cmake_target' from command line to 'None'
[0.298s] Level 5:colcon.colcon_core.verb:set package 'vg_control_interfaces' build argument 'cmake_target_skip_unavailable' from command line to 'False'
[0.298s] Level 5:colcon.colcon_core.verb:set package 'vg_control_interfaces' build argument 'cmake_clean_cache' from command line to 'False'
[0.298s] Level 5:colcon.colcon_core.verb:set package 'vg_control_interfaces' build argument 'cmake_clean_first' from command line to 'False'
[0.298s] Level 5:colcon.colcon_core.verb:set package 'vg_control_interfaces' build argument 'cmake_force_configure' from command line to 'False'
[0.298s] Level 5:colcon.colcon_core.verb:set package 'vg_control_interfaces' build argument 'ament_cmake_args' from command line to 'None'
[0.298s] Level 5:colcon.colcon_core.verb:set package 'vg_control_interfaces' build argument 'catkin_cmake_args' from command line to 'None'
[0.298s] Level 5:colcon.colcon_core.verb:set package 'vg_control_interfaces' build argument 'catkin_skip_building_tests' from command line to 'False'
[0.298s] DEBUG:colcon.colcon_core.verb:Building package 'vg_control_interfaces' with the following arguments: {'ament_cmake_args': None, 'build_base': '/home/wallat/Desktop/ROB9/ROB9_project/vg10_ws/build/vg_control_interfaces', 'catkin_cmake_args': None, 'catkin_skip_building_tests': False, 'cmake_args': None, 'cmake_clean_cache': False, 'cmake_clean_first': False, 'cmake_force_configure': False, 'cmake_target': None, 'cmake_target_skip_unavailable': False, 'install_base': '/home/wallat/Desktop/ROB9/ROB9_project/vg10_ws/install/vg_control_interfaces', 'merge_install': False, 'path': '/home/wallat/Desktop/ROB9/ROB9_project/vg10_ws/src/vg_control_interfaces', 'symlink_install': True, 'test_result_base': None}
[0.298s] Level 5:colcon.colcon_core.verb:set package 'vg10_control' build argument 'cmake_args' from command line to 'None'
[0.298s] Level 5:colcon.colcon_core.verb:set package 'vg10_control' build argument 'cmake_target' from command line to 'None'
[0.298s] Level 5:colcon.colcon_core.verb:set package 'vg10_control' build argument 'cmake_target_skip_unavailable' from command line to 'False'
[0.298s] Level 5:colcon.colcon_core.verb:set package 'vg10_control' build argument 'cmake_clean_cache' from command line to 'False'
[0.298s] Level 5:colcon.colcon_core.verb:set package 'vg10_control' build argument 'cmake_clean_first' from command line to 'False'
[0.298s] Level 5:colcon.colcon_core.verb:set package 'vg10_control' build argument 'cmake_force_configure' from command line to 'False'
[0.298s] Level 5:colcon.colcon_core.verb:set package 'vg10_control' build argument 'ament_cmake_args' from command line to 'None'
[0.298s] Level 5:colcon.colcon_core.verb:set package 'vg10_control' build argument 'catkin_cmake_args' from command line to 'None'
[0.298s] Level 5:colcon.colcon_core.verb:set package 'vg10_control' build argument 'catkin_skip_building_tests' from command line to 'False'
[0.298s] DEBUG:colcon.colcon_core.verb:Building package 'vg10_control' with the following arguments: {'ament_cmake_args': None, 'build_base': '/home/wallat/Desktop/ROB9/ROB9_project/vg10_ws/build/vg10_control', 'catkin_cmake_args': None, 'catkin_skip_building_tests': False, 'cmake_args': None, 'cmake_clean_cache': False, 'cmake_clean_first': False, 'cmake_force_configure': False, 'cmake_target': None, 'cmake_target_skip_unavailable': False, 'install_base': '/home/wallat/Desktop/ROB9/ROB9_project/vg10_ws/install/vg10_control', 'merge_install': False, 'path': '/home/wallat/Desktop/ROB9/ROB9_project/vg10_ws/src/vg10_control', 'symlink_install': True, 'test_result_base': None}
[0.298s] INFO:colcon.colcon_core.executor:Executing jobs using 'parallel' executor
[0.299s] DEBUG:colcon.colcon_parallel_executor.executor.parallel:run_until_complete
[0.299s] INFO:colcon.colcon_ros.task.ament_cmake.build:Building ROS package in '/home/wallat/Desktop/ROB9/ROB9_project/vg10_ws/src/vg_control_interfaces' with build type 'ament_cmake'
[0.299s] INFO:colcon.colcon_cmake.task.cmake.build:Building CMake package in '/home/wallat/Desktop/ROB9/ROB9_project/vg10_ws/src/vg_control_interfaces'
[0.301s] INFO:colcon.colcon_core.plugin_system:Skipping extension 'colcon_core.shell.bat': Not used on non-Windows systems
[0.301s] INFO:colcon.colcon_core.shell:Skip shell extension 'powershell' for command environment: Not usable outside of PowerShell
[0.301s] DEBUG:colcon.colcon_core.shell:Skip shell extension 'dsv' for command environment
[0.309s] DEBUG:colcon.colcon_core.event_handler.log_command:Invoking command in '/home/wallat/Desktop/ROB9/ROB9_project/vg10_ws/build/vg_control_interfaces': CMAKE_PREFIX_PATH=${CMAKE_PREFIX_PATH}:/home/wallat/Desktop/ROB9/ROB9_project/vg10_ws/install/vg10_control:/opt/ros/humble /usr/bin/cmake --build /home/wallat/Desktop/ROB9/ROB9_project/vg10_ws/build/vg_control_interfaces -- -j16 -l16
[1.346s] DEBUG:colcon.colcon_core.event_handler.log_command:Invoked command in '/home/wallat/Desktop/ROB9/ROB9_project/vg10_ws/build/vg_control_interfaces' returned '0': CMAKE_PREFIX_PATH=${CMAKE_PREFIX_PATH}:/home/wallat/Desktop/ROB9/ROB9_project/vg10_ws/install/vg10_control:/opt/ros/humble /usr/bin/cmake --build /home/wallat/Desktop/ROB9/ROB9_project/vg10_ws/build/vg_control_interfaces -- -j16 -l16
[1.354s] DEBUG:colcon.colcon_core.event_handler.log_command:Invoking command in '/home/wallat/Desktop/ROB9/ROB9_project/vg10_ws/build/vg_control_interfaces': CMAKE_PREFIX_PATH=${CMAKE_PREFIX_PATH}:/home/wallat/Desktop/ROB9/ROB9_project/vg10_ws/install/vg10_control:/opt/ros/humble /usr/bin/cmake --install /home/wallat/Desktop/ROB9/ROB9_project/vg10_ws/build/vg_control_interfaces
[1.414s] Level 1:colcon.colcon_core.environment:create_environment_scripts_only(vg_control_interfaces)
[1.414s] DEBUG:colcon.colcon_core.event_handler.log_command:Invoked command in '/home/wallat/Desktop/ROB9/ROB9_project/vg10_ws/build/vg_control_interfaces' returned '0': CMAKE_PREFIX_PATH=${CMAKE_PREFIX_PATH}:/home/wallat/Desktop/ROB9/ROB9_project/vg10_ws/install/vg10_control:/opt/ros/humble /usr/bin/cmake --install /home/wallat/Desktop/ROB9/ROB9_project/vg10_ws/build/vg_control_interfaces
[1.416s] Level 1:colcon.colcon_core.environment:checking '/home/wallat/Desktop/ROB9/ROB9_project/vg10_ws/install/vg_control_interfaces' for CMake module files
[1.416s] Level 1:colcon.colcon_core.environment:checking '/home/wallat/Desktop/ROB9/ROB9_project/vg10_ws/install/vg_control_interfaces' for CMake config files
[1.417s] Level 1:colcon.colcon_core.shell:create_environment_hook('vg_control_interfaces', 'cmake_prefix_path')
[1.417s] INFO:colcon.colcon_core.shell:Creating environment hook '/home/wallat/Desktop/ROB9/ROB9_project/vg10_ws/install/vg_control_interfaces/share/vg_control_interfaces/hook/cmake_prefix_path.ps1'
[1.417s] INFO:colcon.colcon_core.shell:Creating environment descriptor '/home/wallat/Desktop/ROB9/ROB9_project/vg10_ws/install/vg_control_interfaces/share/vg_control_interfaces/hook/cmake_prefix_path.dsv'
[1.418s] INFO:colcon.colcon_core.shell:Creating environment hook '/home/wallat/Desktop/ROB9/ROB9_project/vg10_ws/install/vg_control_interfaces/share/vg_control_interfaces/hook/cmake_prefix_path.sh'
[1.418s] Level 1:colcon.colcon_core.environment:checking '/home/wallat/Desktop/ROB9/ROB9_project/vg10_ws/install/vg_control_interfaces/lib'
[1.418s] Level 1:colcon.colcon_core.shell:create_environment_hook('vg_control_interfaces', 'ld_library_path_lib')
[1.419s] INFO:colcon.colcon_core.shell:Creating environment hook '/home/wallat/Desktop/ROB9/ROB9_project/vg10_ws/install/vg_control_interfaces/share/vg_control_interfaces/hook/ld_library_path_lib.ps1'
[1.419s] INFO:colcon.colcon_core.shell:Creating environment descriptor '/home/wallat/Desktop/ROB9/ROB9_project/vg10_ws/install/vg_control_interfaces/share/vg_control_interfaces/hook/ld_library_path_lib.dsv'
[1.419s] INFO:colcon.colcon_core.shell:Creating environment hook '/home/wallat/Desktop/ROB9/ROB9_project/vg10_ws/install/vg_control_interfaces/share/vg_control_interfaces/hook/ld_library_path_lib.sh'
[1.419s] Level 1:colcon.colcon_core.environment:checking '/home/wallat/Desktop/ROB9/ROB9_project/vg10_ws/install/vg_control_interfaces/bin'
[1.419s] Level 1:colcon.colcon_core.environment:checking '/home/wallat/Desktop/ROB9/ROB9_project/vg10_ws/install/vg_control_interfaces/lib/pkgconfig/vg_control_interfaces.pc'
[1.420s] Level 1:colcon.colcon_core.environment:checking '/home/wallat/Desktop/ROB9/ROB9_project/vg10_ws/install/vg_control_interfaces/lib/python3.10/site-packages'
[1.420s] Level 1:colcon.colcon_core.environment:checking '/home/wallat/Desktop/ROB9/ROB9_project/vg10_ws/install/vg_control_interfaces/bin'
[1.420s] INFO:colcon.colcon_core.shell:Creating package script '/home/wallat/Desktop/ROB9/ROB9_project/vg10_ws/install/vg_control_interfaces/share/vg_control_interfaces/package.ps1'
[1.421s] INFO:colcon.colcon_core.shell:Creating package descriptor '/home/wallat/Desktop/ROB9/ROB9_project/vg10_ws/install/vg_control_interfaces/share/vg_control_interfaces/package.dsv'
[1.421s] INFO:colcon.colcon_core.shell:Creating package script '/home/wallat/Desktop/ROB9/ROB9_project/vg10_ws/install/vg_control_interfaces/share/vg_control_interfaces/package.sh'
[1.421s] INFO:colcon.colcon_core.shell:Creating package script '/home/wallat/Desktop/ROB9/ROB9_project/vg10_ws/install/vg_control_interfaces/share/vg_control_interfaces/package.bash'
[1.422s] INFO:colcon.colcon_core.shell:Creating package script '/home/wallat/Desktop/ROB9/ROB9_project/vg10_ws/install/vg_control_interfaces/share/vg_control_interfaces/package.zsh'
[1.422s] Level 1:colcon.colcon_core.environment:create_file_with_runtime_dependencies(/home/wallat/Desktop/ROB9/ROB9_project/vg10_ws/install/vg_control_interfaces/share/colcon-core/packages/vg_control_interfaces)
[1.423s] Level 1:colcon.colcon_core.environment:create_environment_scripts_only(vg_control_interfaces)
[1.423s] Level 1:colcon.colcon_core.environment:checking '/home/wallat/Desktop/ROB9/ROB9_project/vg10_ws/install/vg_control_interfaces' for CMake module files
[1.423s] Level 1:colcon.colcon_core.environment:checking '/home/wallat/Desktop/ROB9/ROB9_project/vg10_ws/install/vg_control_interfaces' for CMake config files
[1.424s] Level 1:colcon.colcon_core.shell:create_environment_hook('vg_control_interfaces', 'cmake_prefix_path')
[1.424s] INFO:colcon.colcon_core.shell:Creating environment hook '/home/wallat/Desktop/ROB9/ROB9_project/vg10_ws/install/vg_control_interfaces/share/vg_control_interfaces/hook/cmake_prefix_path.ps1'
[1.425s] INFO:colcon.colcon_core.shell:Creating environment descriptor '/home/wallat/Desktop/ROB9/ROB9_project/vg10_ws/install/vg_control_interfaces/share/vg_control_interfaces/hook/cmake_prefix_path.dsv'
[1.425s] INFO:colcon.colcon_core.shell:Creating environment hook '/home/wallat/Desktop/ROB9/ROB9_project/vg10_ws/install/vg_control_interfaces/share/vg_control_interfaces/hook/cmake_prefix_path.sh'
[1.425s] Level 1:colcon.colcon_core.environment:checking '/home/wallat/Desktop/ROB9/ROB9_project/vg10_ws/install/vg_control_interfaces/lib'
[1.425s] Level 1:colcon.colcon_core.shell:create_environment_hook('vg_control_interfaces', 'ld_library_path_lib')
[1.426s] INFO:colcon.colcon_core.shell:Creating environment hook '/home/wallat/Desktop/ROB9/ROB9_project/vg10_ws/install/vg_control_interfaces/share/vg_control_interfaces/hook/ld_library_path_lib.ps1'
[1.426s] INFO:colcon.colcon_core.shell:Creating environment descriptor '/home/wallat/Desktop/ROB9/ROB9_project/vg10_ws/install/vg_control_interfaces/share/vg_control_interfaces/hook/ld_library_path_lib.dsv'
[1.426s] INFO:colcon.colcon_core.shell:Creating environment hook '/home/wallat/Desktop/ROB9/ROB9_project/vg10_ws/install/vg_control_interfaces/share/vg_control_interfaces/hook/ld_library_path_lib.sh'
[1.426s] Level 1:colcon.colcon_core.environment:checking '/home/wallat/Desktop/ROB9/ROB9_project/vg10_ws/install/vg_control_interfaces/bin'
[1.426s] Level 1:colcon.colcon_core.environment:checking '/home/wallat/Desktop/ROB9/ROB9_project/vg10_ws/install/vg_control_interfaces/lib/pkgconfig/vg_control_interfaces.pc'
[1.427s] Level 1:colcon.colcon_core.environment:checking '/home/wallat/Desktop/ROB9/ROB9_project/vg10_ws/install/vg_control_interfaces/lib/python3.10/site-packages'
[1.427s] Level 1:colcon.colcon_core.environment:checking '/home/wallat/Desktop/ROB9/ROB9_project/vg10_ws/install/vg_control_interfaces/bin'
[1.427s] INFO:colcon.colcon_core.shell:Creating package script '/home/wallat/Desktop/ROB9/ROB9_project/vg10_ws/install/vg_control_interfaces/share/vg_control_interfaces/package.ps1'
[1.427s] INFO:colcon.colcon_core.shell:Creating package descriptor '/home/wallat/Desktop/ROB9/ROB9_project/vg10_ws/install/vg_control_interfaces/share/vg_control_interfaces/package.dsv'
[1.428s] INFO:colcon.colcon_core.shell:Creating package script '/home/wallat/Desktop/ROB9/ROB9_project/vg10_ws/install/vg_control_interfaces/share/vg_control_interfaces/package.sh'
[1.428s] INFO:colcon.colcon_core.shell:Creating package script '/home/wallat/Desktop/ROB9/ROB9_project/vg10_ws/install/vg_control_interfaces/share/vg_control_interfaces/package.bash'
[1.428s] INFO:colcon.colcon_core.shell:Creating package script '/home/wallat/Desktop/ROB9/ROB9_project/vg10_ws/install/vg_control_interfaces/share/vg_control_interfaces/package.zsh'
[1.429s] Level 1:colcon.colcon_core.environment:create_file_with_runtime_dependencies(/home/wallat/Desktop/ROB9/ROB9_project/vg10_ws/install/vg_control_interfaces/share/colcon-core/packages/vg_control_interfaces)
[1.429s] INFO:colcon.colcon_ros.task.ament_python.build:Building ROS package in '/home/wallat/Desktop/ROB9/ROB9_project/vg10_ws/src/vg10_control' with build type 'ament_python'
[1.429s] Level 1:colcon.colcon_core.shell:create_environment_hook('vg10_control', 'ament_prefix_path')
[1.429s] INFO:colcon.colcon_core.shell:Creating environment hook '/home/wallat/Desktop/ROB9/ROB9_project/vg10_ws/install/vg10_control/share/vg10_control/hook/ament_prefix_path.ps1'
[1.430s] INFO:colcon.colcon_core.shell:Creating environment descriptor '/home/wallat/Desktop/ROB9/ROB9_project/vg10_ws/install/vg10_control/share/vg10_control/hook/ament_prefix_path.dsv'
[1.430s] INFO:colcon.colcon_core.shell:Creating environment hook '/home/wallat/Desktop/ROB9/ROB9_project/vg10_ws/install/vg10_control/share/vg10_control/hook/ament_prefix_path.sh'
[1.430s] INFO:colcon.colcon_core.shell:Skip shell extension 'powershell' for command environment: Not usable outside of PowerShell
[1.430s] DEBUG:colcon.colcon_core.shell:Skip shell extension 'dsv' for command environment
[1.666s] INFO:colcon.colcon_core.task.python.build:Building Python package in '/home/wallat/Desktop/ROB9/ROB9_project/vg10_ws/src/vg10_control'
[1.667s] INFO:colcon.colcon_core.shell:Skip shell extension 'powershell' for command environment: Not usable outside of PowerShell
[1.667s] DEBUG:colcon.colcon_core.shell:Skip shell extension 'dsv' for command environment
[1.957s] DEBUG:colcon.colcon_core.event_handler.log_command:Invoking command in '/home/wallat/Desktop/ROB9/ROB9_project/vg10_ws/build/vg10_control': PYTHONPATH=/home/wallat/Desktop/ROB9/ROB9_project/vg10_ws/build/vg10_control/prefix_override:/usr/lib/python3/dist-packages/colcon_core/task/python/colcon_distutils_commands:/home/wallat/Desktop/ROB9/ROB9_project/vg10_ws/install/vg10_control/lib/python3.10/site-packages:${PYTHONPATH} /usr/bin/python3 -W ignore:setup.py install is deprecated -W ignore:easy_install command is deprecated setup.py develop --editable --build-directory /home/wallat/Desktop/ROB9/ROB9_project/vg10_ws/build/vg10_control/build --no-deps symlink_data
[2.353s] Level 1:colcon.colcon_core.shell:create_environment_hook('vg10_control', 'pythonpath_develop')
[2.353s] INFO:colcon.colcon_core.shell:Creating environment hook '/home/wallat/Desktop/ROB9/ROB9_project/vg10_ws/build/vg10_control/share/vg10_control/hook/pythonpath_develop.ps1'
[2.353s] DEBUG:colcon.colcon_core.event_handler.log_command:Invoked command in '/home/wallat/Desktop/ROB9/ROB9_project/vg10_ws/build/vg10_control' returned '0': PYTHONPATH=/home/wallat/Desktop/ROB9/ROB9_project/vg10_ws/build/vg10_control/prefix_override:/usr/lib/python3/dist-packages/colcon_core/task/python/colcon_distutils_commands:/home/wallat/Desktop/ROB9/ROB9_project/vg10_ws/install/vg10_control/lib/python3.10/site-packages:${PYTHONPATH} /usr/bin/python3 -W ignore:setup.py install is deprecated -W ignore:easy_install command is deprecated setup.py develop --editable --build-directory /home/wallat/Desktop/ROB9/ROB9_project/vg10_ws/build/vg10_control/build --no-deps symlink_data
[2.354s] INFO:colcon.colcon_core.shell:Creating environment descriptor '/home/wallat/Desktop/ROB9/ROB9_project/vg10_ws/build/vg10_control/share/vg10_control/hook/pythonpath_develop.dsv'
[2.354s] INFO:colcon.colcon_core.shell:Creating environment hook '/home/wallat/Desktop/ROB9/ROB9_project/vg10_ws/build/vg10_control/share/vg10_control/hook/pythonpath_develop.sh'
[2.355s] Level 1:colcon.colcon_core.environment:checking '/home/wallat/Desktop/ROB9/ROB9_project/vg10_ws/install/vg10_control' for CMake module files
[2.355s] Level 1:colcon.colcon_core.environment:checking '/home/wallat/Desktop/ROB9/ROB9_project/vg10_ws/install/vg10_control' for CMake config files
[2.355s] Level 1:colcon.colcon_core.environment:checking '/home/wallat/Desktop/ROB9/ROB9_project/vg10_ws/install/vg10_control/lib'
[2.355s] Level 1:colcon.colcon_core.environment:checking '/home/wallat/Desktop/ROB9/ROB9_project/vg10_ws/install/vg10_control/bin'
[2.355s] Level 1:colcon.colcon_core.environment:checking '/home/wallat/Desktop/ROB9/ROB9_project/vg10_ws/install/vg10_control/lib/pkgconfig/vg10_control.pc'
[2.355s] Level 1:colcon.colcon_core.environment:checking '/home/wallat/Desktop/ROB9/ROB9_project/vg10_ws/install/vg10_control/lib/python3.10/site-packages'
[2.356s] Level 1:colcon.colcon_core.shell:create_environment_hook('vg10_control', 'pythonpath')
[2.356s] INFO:colcon.colcon_core.shell:Creating environment hook '/home/wallat/Desktop/ROB9/ROB9_project/vg10_ws/install/vg10_control/share/vg10_control/hook/pythonpath.ps1'
[2.356s] INFO:colcon.colcon_core.shell:Creating environment descriptor '/home/wallat/Desktop/ROB9/ROB9_project/vg10_ws/install/vg10_control/share/vg10_control/hook/pythonpath.dsv'
[2.356s] INFO:colcon.colcon_core.shell:Creating environment hook '/home/wallat/Desktop/ROB9/ROB9_project/vg10_ws/install/vg10_control/share/vg10_control/hook/pythonpath.sh'
[2.357s] Level 1:colcon.colcon_core.environment:checking '/home/wallat/Desktop/ROB9/ROB9_project/vg10_ws/install/vg10_control/bin'
[2.357s] Level 1:colcon.colcon_core.environment:create_environment_scripts_only(vg10_control)
[2.357s] INFO:colcon.colcon_core.shell:Creating package script '/home/wallat/Desktop/ROB9/ROB9_project/vg10_ws/install/vg10_control/share/vg10_control/package.ps1'
[2.357s] INFO:colcon.colcon_core.shell:Creating package descriptor '/home/wallat/Desktop/ROB9/ROB9_project/vg10_ws/install/vg10_control/share/vg10_control/package.dsv'
[2.358s] INFO:colcon.colcon_core.shell:Creating package script '/home/wallat/Desktop/ROB9/ROB9_project/vg10_ws/install/vg10_control/share/vg10_control/package.sh'
[2.358s] INFO:colcon.colcon_core.shell:Creating package script '/home/wallat/Desktop/ROB9/ROB9_project/vg10_ws/install/vg10_control/share/vg10_control/package.bash'
[2.358s] INFO:colcon.colcon_core.shell:Creating package script '/home/wallat/Desktop/ROB9/ROB9_project/vg10_ws/install/vg10_control/share/vg10_control/package.zsh'
[2.358s] Level 1:colcon.colcon_core.environment:create_file_with_runtime_dependencies(/home/wallat/Desktop/ROB9/ROB9_project/vg10_ws/install/vg10_control/share/colcon-core/packages/vg10_control)
[2.359s] DEBUG:colcon.colcon_parallel_executor.executor.parallel:closing loop
[2.359s] DEBUG:colcon.colcon_parallel_executor.executor.parallel:loop closed
[2.359s] DEBUG:colcon.colcon_parallel_executor.executor.parallel:run_until_complete finished with '0'
[2.359s] DEBUG:colcon.colcon_core.event_reactor:joining thread
[2.363s] INFO:colcon.colcon_core.plugin_system:Skipping extension 'colcon_notification.desktop_notification.terminal_notifier': Not used on non-Darwin systems
[2.363s] INFO:colcon.colcon_core.plugin_system:Skipping extension 'colcon_notification.desktop_notification.win32': Not used on non-Windows systems
[2.363s] INFO:colcon.colcon_notification.desktop_notification:Sending desktop notification using 'notify2'
[2.371s] DEBUG:colcon.colcon_core.event_reactor:joined thread
[2.372s] INFO:colcon.colcon_core.shell:Creating prefix script '/home/wallat/Desktop/ROB9/ROB9_project/vg10_ws/install/local_setup.ps1'
[2.372s] INFO:colcon.colcon_core.shell:Creating prefix util module '/home/wallat/Desktop/ROB9/ROB9_project/vg10_ws/install/_local_setup_util_ps1.py'
[2.373s] INFO:colcon.colcon_core.shell:Creating prefix chain script '/home/wallat/Desktop/ROB9/ROB9_project/vg10_ws/install/setup.ps1'
[2.374s] INFO:colcon.colcon_core.shell:Creating prefix script '/home/wallat/Desktop/ROB9/ROB9_project/vg10_ws/install/local_setup.sh'
[2.374s] INFO:colcon.colcon_core.shell:Creating prefix util module '/home/wallat/Desktop/ROB9/ROB9_project/vg10_ws/install/_local_setup_util_sh.py'
[2.375s] INFO:colcon.colcon_core.shell:Creating prefix chain script '/home/wallat/Desktop/ROB9/ROB9_project/vg10_ws/install/setup.sh'
[2.375s] INFO:colcon.colcon_core.shell:Creating prefix script '/home/wallat/Desktop/ROB9/ROB9_project/vg10_ws/install/local_setup.bash'
[2.376s] INFO:colcon.colcon_core.shell:Creating prefix chain script '/home/wallat/Desktop/ROB9/ROB9_project/vg10_ws/install/setup.bash'
[2.376s] INFO:colcon.colcon_core.shell:Creating prefix script '/home/wallat/Desktop/ROB9/ROB9_project/vg10_ws/install/local_setup.zsh'
[2.377s] INFO:colcon.colcon_core.shell:Creating prefix chain script '/home/wallat/Desktop/ROB9/ROB9_project/vg10_ws/install/setup.zsh'
